Archive member included to satisfy reference by file (symbol)

c:/intelfpga_lite/18.1/nios2eds/bin/gnu/h-x86_64-mingw32/bin/../lib/gcc/nios2-elf/5.3.0/mno-hw-mul\libgcc.a(lib2-divmod.o)
                              obj/default/hello_world_small.o (__divsi3)
../AlarmClock_bsp/\libhal_bsp.a(alt_iic.o)
                              obj/default/hello_world_small.o (alt_ic_isr_register)
../AlarmClock_bsp/\libhal_bsp.a(alt_iic_isr_register.o)
                              ../AlarmClock_bsp/\libhal_bsp.a(alt_iic.o) (alt_iic_isr_register)
../AlarmClock_bsp/\libhal_bsp.a(alt_irq_entry.o)
                              ../AlarmClock_bsp/\libhal_bsp.a(alt_iic_isr_register.o) (alt_irq_entry)
../AlarmClock_bsp/\libhal_bsp.a(alt_irq_handler.o)
                              ../AlarmClock_bsp/\libhal_bsp.a(alt_iic_isr_register.o) (alt_irq_handler)
../AlarmClock_bsp/\libhal_bsp.a(alt_irq_vars.o)
                              ../AlarmClock_bsp/\libhal_bsp.a(alt_iic.o) (alt_irq_active)
../AlarmClock_bsp/\libhal_bsp.a(alt_load.o)
                              ../AlarmClock_bsp//obj/HAL/src/crt0.o (alt_load)
../AlarmClock_bsp/\libhal_bsp.a(alt_main.o)
                              ../AlarmClock_bsp//obj/HAL/src/crt0.o (alt_main)
../AlarmClock_bsp/\libhal_bsp.a(alt_printf.o)
                              obj/default/hello_world_small.o (alt_printf)
../AlarmClock_bsp/\libhal_bsp.a(alt_putchar.o)
                              ../AlarmClock_bsp/\libhal_bsp.a(alt_printf.o) (alt_putchar)
../AlarmClock_bsp/\libhal_bsp.a(alt_putstr.o)
                              obj/default/hello_world_small.o (alt_putstr)
../AlarmClock_bsp/\libhal_bsp.a(alt_sys_init.o)
                              ../AlarmClock_bsp/\libhal_bsp.a(alt_main.o) (alt_irq_init)
../AlarmClock_bsp/\libhal_bsp.a(altera_avalon_jtag_uart_write.o)
                              ../AlarmClock_bsp/\libhal_bsp.a(alt_putchar.o) (altera_avalon_jtag_uart_write)
../AlarmClock_bsp/\libhal_bsp.a(alt_dcache_flush_all.o)
                              ../AlarmClock_bsp/\libhal_bsp.a(alt_load.o) (alt_dcache_flush_all)
../AlarmClock_bsp/\libhal_bsp.a(alt_exception_entry.o)
                              ../AlarmClock_bsp/\libhal_bsp.a(alt_irq_entry.o) (alt_exception)
../AlarmClock_bsp/\libhal_bsp.a(alt_icache_flush_all.o)
                              ../AlarmClock_bsp/\libhal_bsp.a(alt_load.o) (alt_icache_flush_all)
../AlarmClock_bsp/\libhal_bsp.a(alt_instruction_exception_entry.o)
                              ../AlarmClock_bsp/\libhal_bsp.a(alt_exception_entry.o) (alt_instruction_exception_entry)
../AlarmClock_bsp/\libhal_bsp.a(altera_nios2_gen2_irq.o)
                              ../AlarmClock_bsp/\libhal_bsp.a(alt_sys_init.o) (altera_nios2_gen2_irq_init)
c:/intelfpga_lite/18.1/nios2eds/bin/gnu/h-x86_64-mingw32/bin/../lib/gcc/nios2-elf/5.3.0/../../../../../H-x86_64-mingw32/nios2-elf/lib/mno-hw-mul\libsmallc.a(lib_a-strlen.o)
                              ../AlarmClock_bsp/\libhal_bsp.a(alt_putstr.o) (strlen)

Allocating common symbols
Common symbol       size              file

alt_irq             0x100             ../AlarmClock_bsp/\libhal_bsp.a(alt_irq_handler.o)

Memory Configuration

Name             Origin             Length             Attributes
reset            0x0000000000001000 0x0000000000000020
RAM              0x0000000000001020 0x0000000000000fe0
*default*        0x0000000000000000 0xffffffffffffffff

Linker script and memory map

LOAD ../AlarmClock_bsp//obj/HAL/src/crt0.o
LOAD obj/default/hello_world_small.o
LOAD c:/intelfpga_lite/18.1/nios2eds/bin/gnu/h-x86_64-mingw32/bin/../lib/gcc/nios2-elf/5.3.0/../../../../../H-x86_64-mingw32/nios2-elf/lib/mno-hw-mul\libstdc++.a
LOAD c:/intelfpga_lite/18.1/nios2eds/bin/gnu/h-x86_64-mingw32/bin/../lib/gcc/nios2-elf/5.3.0/../../../../../H-x86_64-mingw32/nios2-elf/lib/mno-hw-mul\libm.a
LOAD c:/intelfpga_lite/18.1/nios2eds/bin/gnu/h-x86_64-mingw32/bin/../lib/gcc/nios2-elf/5.3.0/mno-hw-mul\libgcc.a
START GROUP
LOAD c:/intelfpga_lite/18.1/nios2eds/bin/gnu/h-x86_64-mingw32/bin/../lib/gcc/nios2-elf/5.3.0/../../../../../H-x86_64-mingw32/nios2-elf/lib/mno-hw-mul\libsmallc.a
LOAD c:/intelfpga_lite/18.1/nios2eds/bin/gnu/h-x86_64-mingw32/bin/../lib/gcc/nios2-elf/5.3.0/mno-hw-mul\libgcc.a
LOAD ../AlarmClock_bsp/\libhal_bsp.a
LOAD c:/intelfpga_lite/18.1/nios2eds/bin/gnu/h-x86_64-mingw32/bin/../lib/gcc/nios2-elf/5.3.0/../../../../../H-x86_64-mingw32/nios2-elf/lib/mno-hw-mul\libm.a
END GROUP
LOAD c:/intelfpga_lite/18.1/nios2eds/bin/gnu/h-x86_64-mingw32/bin/../lib/gcc/nios2-elf/5.3.0/mno-hw-mul\libgcc.a
                0x0000000000001000                __alt_mem_RAM = 0x1000

.entry          0x0000000000001000       0x20
 *(.entry)
 .entry         0x0000000000001000       0x20 ../AlarmClock_bsp//obj/HAL/src/crt0.o
                0x0000000000001000                __reset
                0x000000000000100c                _exit

.exceptions     0x0000000000001020      0x160
                0x0000000000001020                PROVIDE (__ram_exceptions_start, ABSOLUTE (.))
                0x0000000000001020                . = ALIGN (0x20)
 *(.irq)
 *(.exceptions.entry.label)
 .exceptions.entry.label
                0x0000000000001020        0x0 ../AlarmClock_bsp/\libhal_bsp.a(alt_irq_entry.o)
                0x0000000000001020                alt_irq_entry
 .exceptions.entry.label
                0x0000000000001020        0x0 ../AlarmClock_bsp/\libhal_bsp.a(alt_exception_entry.o)
                0x0000000000001020                alt_exception
 *(.exceptions.entry.user)
 *(.exceptions.entry.ecc_fatal)
 *(.exceptions.entry)
 .exceptions.entry
                0x0000000000001020       0x54 ../AlarmClock_bsp/\libhal_bsp.a(alt_exception_entry.o)
 *(.exceptions.irqtest.user)
 *(.exceptions.irqtest)
 .exceptions.irqtest
                0x0000000000001074       0x10 ../AlarmClock_bsp/\libhal_bsp.a(alt_irq_entry.o)
 *(.exceptions.irqhandler.user)
 *(.exceptions.irqhandler)
 .exceptions.irqhandler
                0x0000000000001084        0x4 ../AlarmClock_bsp/\libhal_bsp.a(alt_irq_entry.o)
 *(.exceptions.irqreturn.user)
 *(.exceptions.irqreturn)
 .exceptions.irqreturn
                0x0000000000001088        0x4 ../AlarmClock_bsp/\libhal_bsp.a(alt_irq_entry.o)
 *(.exceptions.notirq.label)
 .exceptions.notirq.label
                0x000000000000108c        0x0 ../AlarmClock_bsp/\libhal_bsp.a(alt_irq_entry.o)
 *(.exceptions.notirq.user)
 *(.exceptions.notirq)
 .exceptions.notirq
                0x000000000000108c        0x8 ../AlarmClock_bsp/\libhal_bsp.a(alt_exception_entry.o)
 *(.exceptions.soft.user)
 *(.exceptions.soft)
 *(.exceptions.unknown.user)
 *(.exceptions.unknown)
 .exceptions.unknown
                0x0000000000001094       0x14 ../AlarmClock_bsp/\libhal_bsp.a(alt_exception_entry.o)
 *(.exceptions.exit.label)
 .exceptions.exit.label
                0x00000000000010a8        0x0 ../AlarmClock_bsp/\libhal_bsp.a(alt_irq_entry.o)
 .exceptions.exit.label
                0x00000000000010a8        0x0 ../AlarmClock_bsp/\libhal_bsp.a(alt_exception_entry.o)
 *(.exceptions.exit.user)
 *(.exceptions.exit)
 .exceptions.exit
                0x00000000000010a8       0x54 ../AlarmClock_bsp/\libhal_bsp.a(alt_exception_entry.o)
 *(.exceptions)
 .exceptions    0x00000000000010fc       0x60 ../AlarmClock_bsp/\libhal_bsp.a(alt_irq_handler.o)
                0x00000000000010fc                alt_irq_handler
 .exceptions    0x000000000000115c       0x24 ../AlarmClock_bsp/\libhal_bsp.a(alt_instruction_exception_entry.o)
                0x000000000000115c                alt_instruction_exception_entry
                0x0000000000001180                PROVIDE (__ram_exceptions_end, ABSOLUTE (.))
                0x0000000000001020                PROVIDE (__flash_exceptions_start, LOADADDR (.exceptions))

.text           0x0000000000001180      0x9c0
                [!provide]                        PROVIDE (stext, ABSOLUTE (.))
 *(.interp)
 *(.hash)
 *(.dynsym)
 *(.dynstr)
 *(.gnu.version)
 *(.gnu.version_d)
 *(.gnu.version_r)
 *(.rel.init)
 *(.rela.init)
 *(.rel.text .rel.text.* .rel.gnu.linkonce.t.*)
 *(.rela.text .rela.text.* .rela.gnu.linkonce.t.*)
 *(.rel.fini)
 *(.rela.fini)
 *(.rel.rodata .rel.rodata.* .rel.gnu.linkonce.r.*)
 *(.rela.rodata .rela.rodata.* .rela.gnu.linkonce.r.*)
 *(.rel.data .rel.data.* .rel.gnu.linkonce.d.*)
 *(.rela.data .rela.data.* .rela.gnu.linkonce.d.*)
 *(.rel.tdata .rel.tdata.* .rel.gnu.linkonce.td.*)
 *(.rela.tdata .rela.tdata.* .rela.gnu.linkonce.td.*)
 *(.rel.tbss .rel.tbss.* .rel.gnu.linkonce.tb.*)
 *(.rela.tbss .rela.tbss.* .rela.gnu.linkonce.tb.*)
 *(.rel.ctors)
 *(.rela.ctors)
 *(.rel.dtors)
 *(.rela.dtors)
 *(.rel.got)
 *(.rela.got)
 *(.rel.sdata .rel.sdata.* .rel.gnu.linkonce.s.*)
 *(.rela.sdata .rela.sdata.* .rela.gnu.linkonce.s.*)
 *(.rel.sbss .rel.sbss.* .rel.gnu.linkonce.sb.*)
 *(.rela.sbss .rela.sbss.* .rela.gnu.linkonce.sb.*)
 *(.rel.sdata2 .rel.sdata2.* .rel.gnu.linkonce.s2.*)
 *(.rela.sdata2 .rela.sdata2.* .rela.gnu.linkonce.s2.*)
 *(.rel.sbss2 .rel.sbss2.* .rel.gnu.linkonce.sb2.*)
 *(.rela.sbss2 .rela.sbss2.* .rela.gnu.linkonce.sb2.*)
 *(.rel.bss .rel.bss.* .rel.gnu.linkonce.b.*)
 *(.rela.bss .rela.bss.* .rela.gnu.linkonce.b.*)
 *(.rel.plt)
 *(.rela.plt)
 *(.rel.dyn)
 *(.init)
 *(.plt)
 *(.text .stub .text.* .gnu.linkonce.t.*)
 .text          0x0000000000001180       0x3c ../AlarmClock_bsp//obj/HAL/src/crt0.o
                0x0000000000001180                _start
 .text          0x00000000000011bc      0x2cc obj/default/hello_world_small.o
                0x00000000000011bc                get_led_value
                0x00000000000011e8                init_timer_interrupt
                0x0000000000001224                switch1_true
                0x0000000000001234                increaseTime
                0x0000000000001248                checkSelect
                0x0000000000001294                setTime
                0x0000000000001484                setAlarm
 .text.startup  0x0000000000001488       0x1c obj/default/hello_world_small.o
                0x0000000000001488                main
 .text          0x00000000000014a4      0x1b4 c:/intelfpga_lite/18.1/nios2eds/bin/gnu/h-x86_64-mingw32/bin/../lib/gcc/nios2-elf/5.3.0/mno-hw-mul\libgcc.a(lib2-divmod.o)
                0x00000000000014a4                __divsi3
                0x0000000000001528                __modsi3
                0x000000000000159c                __udivsi3
                0x0000000000001600                __umodsi3
 .text          0x0000000000001658       0x8c ../AlarmClock_bsp/\libhal_bsp.a(alt_iic.o)
                0x0000000000001658                alt_ic_isr_register
                0x000000000000165c                alt_ic_irq_enable
                0x0000000000001694                alt_ic_irq_disable
                0x00000000000016cc                alt_ic_irq_enabled
 .text          0x00000000000016e4       0x68 ../AlarmClock_bsp/\libhal_bsp.a(alt_iic_isr_register.o)
                0x00000000000016e4                alt_iic_isr_register
 .text          0x000000000000174c        0x0 ../AlarmClock_bsp/\libhal_bsp.a(alt_irq_entry.o)
 .text          0x000000000000174c        0x0 ../AlarmClock_bsp/\libhal_bsp.a(alt_irq_handler.o)
 .text          0x000000000000174c        0x0 ../AlarmClock_bsp/\libhal_bsp.a(alt_irq_vars.o)
 .text          0x000000000000174c       0xe0 ../AlarmClock_bsp/\libhal_bsp.a(alt_load.o)
                0x000000000000174c                alt_load
 .text          0x000000000000182c       0x2c ../AlarmClock_bsp/\libhal_bsp.a(alt_main.o)
                0x000000000000182c                alt_main
 .text          0x0000000000001858      0x170 ../AlarmClock_bsp/\libhal_bsp.a(alt_printf.o)
                0x0000000000001858                alt_printf
 .text          0x00000000000019c8       0x48 ../AlarmClock_bsp/\libhal_bsp.a(alt_putchar.o)
                0x00000000000019c8                alt_putchar
 .text          0x0000000000001a10       0x38 ../AlarmClock_bsp/\libhal_bsp.a(alt_putstr.o)
                0x0000000000001a10                alt_putstr
 .text          0x0000000000001a48       0x24 ../AlarmClock_bsp/\libhal_bsp.a(alt_sys_init.o)
                0x0000000000001a48                alt_irq_init
                0x0000000000001a68                alt_sys_init
 .text          0x0000000000001a6c       0x34 ../AlarmClock_bsp/\libhal_bsp.a(altera_avalon_jtag_uart_write.o)
                0x0000000000001a6c                altera_avalon_jtag_uart_write
 .text          0x0000000000001aa0        0x4 ../AlarmClock_bsp/\libhal_bsp.a(alt_dcache_flush_all.o)
                0x0000000000001aa0                alt_dcache_flush_all
 .text          0x0000000000001aa4        0x0 ../AlarmClock_bsp/\libhal_bsp.a(alt_exception_entry.o)
 .text          0x0000000000001aa4        0x4 ../AlarmClock_bsp/\libhal_bsp.a(alt_icache_flush_all.o)
                0x0000000000001aa4                alt_icache_flush_all
 .text          0x0000000000001aa8       0x74 ../AlarmClock_bsp/\libhal_bsp.a(alt_instruction_exception_entry.o)
                0x0000000000001aa8                alt_exception_cause_generated_bad_addr
 .text          0x0000000000001b1c        0x8 ../AlarmClock_bsp/\libhal_bsp.a(altera_nios2_gen2_irq.o)
                0x0000000000001b1c                altera_nios2_gen2_irq_init
 .text          0x0000000000001b24        0x0 c:/intelfpga_lite/18.1/nios2eds/bin/gnu/h-x86_64-mingw32/bin/../lib/gcc/nios2-elf/5.3.0/../../../../../H-x86_64-mingw32/nios2-elf/lib/mno-hw-mul\libsmallc.a(lib_a-strlen.o)
 .text.strlen   0x0000000000001b24       0x1c c:/intelfpga_lite/18.1/nios2eds/bin/gnu/h-x86_64-mingw32/bin/../lib/gcc/nios2-elf/5.3.0/../../../../../H-x86_64-mingw32/nios2-elf/lib/mno-hw-mul\libsmallc.a(lib_a-strlen.o)
                0x0000000000001b24                strlen
 *(.gnu.warning.*)
 *(.fini)
                [!provide]                        PROVIDE (__etext, ABSOLUTE (.))
                [!provide]                        PROVIDE (_etext, ABSOLUTE (.))
                [!provide]                        PROVIDE (etext, ABSOLUTE (.))
 *(.eh_frame_hdr)
                0x0000000000001b40                . = ALIGN (0x4)
                [!provide]                        PROVIDE (__preinit_array_start, ABSOLUTE (.))
 *(.preinit_array)
                [!provide]                        PROVIDE (__preinit_array_end, ABSOLUTE (.))
                [!provide]                        PROVIDE (__init_array_start, ABSOLUTE (.))
 *(.init_array)
                [!provide]                        PROVIDE (__init_array_end, ABSOLUTE (.))
                [!provide]                        PROVIDE (__fini_array_start, ABSOLUTE (.))
 *(.fini_array)
                [!provide]                        PROVIDE (__fini_array_end, ABSOLUTE (.))
 *(.eh_frame)
 *(.gcc_except_table .gcc_except_table.*)
 *(.dynamic)
                [!provide]                        PROVIDE (__CTOR_LIST__, ABSOLUTE (.))
 *(.ctors)
 *(SORT(.ctors.*))
                [!provide]                        PROVIDE (__CTOR_END__, ABSOLUTE (.))
                [!provide]                        PROVIDE (__DTOR_LIST__, ABSOLUTE (.))
 *(.dtors)
 *(SORT(.dtors.*))
                [!provide]                        PROVIDE (__DTOR_END__, ABSOLUTE (.))
 *(.jcr)
                0x0000000000001b40                . = ALIGN (0x4)

.rodata         0x0000000000001b40       0x44
                0x0000000000001b40                PROVIDE (__ram_rodata_start, ABSOLUTE (.))
                0x0000000000001b40                . = ALIGN (0x4)
 *(.rodata .rodata.* .gnu.linkonce.r.*)
 .rodata.str1.4
                0x0000000000001b40       0x38 obj/default/hello_world_small.o
                                         0x37 (size before relaxing)
 .rodata        0x0000000000001b78        0x9 obj/default/hello_world_small.o
 *(.rodata1)
                0x0000000000001b84                . = ALIGN (0x4)
 *fill*         0x0000000000001b81        0x3 
                0x0000000000001b84                PROVIDE (__ram_rodata_end, ABSOLUTE (.))
                0x0000000000001b40                PROVIDE (__flash_rodata_start, LOADADDR (.rodata))

.rwdata         0x0000000000001b84       0x28 load address 0x0000000000001bac
                0x0000000000001b84                PROVIDE (__ram_rwdata_start, ABSOLUTE (.))
                0x0000000000001b84                . = ALIGN (0x4)
 *(.got.plt)
 *(.got)
 *(.data1)
 *(.data .data.* .gnu.linkonce.d.*)
 .data          0x0000000000001b84        0x0 ../AlarmClock_bsp//obj/HAL/src/crt0.o
 .data          0x0000000000001b84        0x0 obj/default/hello_world_small.o
 .data          0x0000000000001b84        0x0 c:/intelfpga_lite/18.1/nios2eds/bin/gnu/h-x86_64-mingw32/bin/../lib/gcc/nios2-elf/5.3.0/mno-hw-mul\libgcc.a(lib2-divmod.o)
 .data          0x0000000000001b84        0x0 ../AlarmClock_bsp/\libhal_bsp.a(alt_iic.o)
 .data          0x0000000000001b84        0x0 ../AlarmClock_bsp/\libhal_bsp.a(alt_iic_isr_register.o)
 .data          0x0000000000001b84        0x0 ../AlarmClock_bsp/\libhal_bsp.a(alt_irq_entry.o)
 .data          0x0000000000001b84        0x0 ../AlarmClock_bsp/\libhal_bsp.a(alt_irq_handler.o)
 .data          0x0000000000001b84        0x0 ../AlarmClock_bsp/\libhal_bsp.a(alt_irq_vars.o)
 .data          0x0000000000001b84        0x0 ../AlarmClock_bsp/\libhal_bsp.a(alt_load.o)
 .data          0x0000000000001b84        0x0 ../AlarmClock_bsp/\libhal_bsp.a(alt_main.o)
 .data          0x0000000000001b84        0x0 ../AlarmClock_bsp/\libhal_bsp.a(alt_printf.o)
 .data          0x0000000000001b84        0x0 ../AlarmClock_bsp/\libhal_bsp.a(alt_putchar.o)
 .data          0x0000000000001b84        0x0 ../AlarmClock_bsp/\libhal_bsp.a(alt_putstr.o)
 .data          0x0000000000001b84        0x0 ../AlarmClock_bsp/\libhal_bsp.a(alt_sys_init.o)
 .data          0x0000000000001b84        0x0 ../AlarmClock_bsp/\libhal_bsp.a(altera_avalon_jtag_uart_write.o)
 .data          0x0000000000001b84        0x0 ../AlarmClock_bsp/\libhal_bsp.a(alt_dcache_flush_all.o)
 .data          0x0000000000001b84        0x0 ../AlarmClock_bsp/\libhal_bsp.a(alt_exception_entry.o)
 .data          0x0000000000001b84        0x0 ../AlarmClock_bsp/\libhal_bsp.a(alt_icache_flush_all.o)
 .data          0x0000000000001b84        0x0 ../AlarmClock_bsp/\libhal_bsp.a(alt_instruction_exception_entry.o)
 .data          0x0000000000001b84        0x0 ../AlarmClock_bsp/\libhal_bsp.a(altera_nios2_gen2_irq.o)
 .data          0x0000000000001b84        0x0 c:/intelfpga_lite/18.1/nios2eds/bin/gnu/h-x86_64-mingw32/bin/../lib/gcc/nios2-elf/5.3.0/../../../../../H-x86_64-mingw32/nios2-elf/lib/mno-hw-mul\libsmallc.a(lib_a-strlen.o)
                0x0000000000009b84                _gp = ABSOLUTE ((. + 0x8000))
                [!provide]                        PROVIDE (gp, _gp)
 *(.rwdata .rwdata.*)
 *(.sdata .sdata.* .gnu.linkonce.s.*)
 .sdata         0x0000000000001b84       0x20 obj/default/hello_world_small.o
                0x0000000000001b84                sw_state
                0x0000000000001b88                btn_state
                0x0000000000001b8c                led_hour_tens
                0x0000000000001b90                led_hour_units
                0x0000000000001b94                led_minutes_tens
                0x0000000000001b98                led_minutes_units
                0x0000000000001b9c                led_seconds_tens
                0x0000000000001ba0                led_seconds_units
 .sdata         0x0000000000001ba4        0x4 ../AlarmClock_bsp/\libhal_bsp.a(alt_irq_vars.o)
                0x0000000000001ba4                alt_priority_mask
 .sdata         0x0000000000001ba8        0x4 ../AlarmClock_bsp/\libhal_bsp.a(alt_sys_init.o)
                0x0000000000001ba8                JTAG
 *(.sdata2 .sdata2.* .gnu.linkonce.s2.*)
                0x0000000000001bac                . = ALIGN (0x4)
                0x0000000000001bac                _edata = ABSOLUTE (.)
                [!provide]                        PROVIDE (edata, ABSOLUTE (.))
                0x0000000000001bac                PROVIDE (__ram_rwdata_end, ABSOLUTE (.))
                0x0000000000001bac                PROVIDE (__flash_rwdata_start, LOADADDR (.rwdata))

.bss            0x0000000000001bd4      0x11c
                0x0000000000001bd4                __bss_start = ABSOLUTE (.)
                [!provide]                        PROVIDE (__sbss_start, ABSOLUTE (.))
                [!provide]                        PROVIDE (___sbss_start, ABSOLUTE (.))
 *(.dynsbss)
 *(.sbss .sbss.* .gnu.linkonce.sb.*)
 .sbss          0x0000000000001bd4        0x8 obj/default/hello_world_small.o
                0x0000000000001bd4                select
                0x0000000000001bd6                hour
                0x0000000000001bd8                minutes
                0x0000000000001bda                seconds
 .sbss          0x0000000000001bdc        0x4 ../AlarmClock_bsp/\libhal_bsp.a(alt_irq_vars.o)
                0x0000000000001bdc                alt_irq_active
 .sbss          0x0000000000001be0        0xc ../AlarmClock_bsp/\libhal_bsp.a(alt_main.o)
                0x0000000000001be0                alt_envp
                0x0000000000001be4                alt_argv
                0x0000000000001be8                alt_argc
 .sbss          0x0000000000001bec        0x4 ../AlarmClock_bsp/\libhal_bsp.a(alt_instruction_exception_entry.o)
                0x0000000000001bec                alt_instruction_exception_handler
 *(.sbss2 .sbss2.* .gnu.linkonce.sb2.*)
 *(.scommon)
                [!provide]                        PROVIDE (__sbss_end, ABSOLUTE (.))
                [!provide]                        PROVIDE (___sbss_end, ABSOLUTE (.))
 *(.dynbss)
 *(.bss .bss.* .gnu.linkonce.b.*)
 .bss           0x0000000000001bf0        0x0 ../AlarmClock_bsp//obj/HAL/src/crt0.o
 .bss           0x0000000000001bf0        0x0 obj/default/hello_world_small.o
 .bss           0x0000000000001bf0        0x0 c:/intelfpga_lite/18.1/nios2eds/bin/gnu/h-x86_64-mingw32/bin/../lib/gcc/nios2-elf/5.3.0/mno-hw-mul\libgcc.a(lib2-divmod.o)
 .bss           0x0000000000001bf0        0x0 ../AlarmClock_bsp/\libhal_bsp.a(alt_iic.o)
 .bss           0x0000000000001bf0        0x0 ../AlarmClock_bsp/\libhal_bsp.a(alt_iic_isr_register.o)
 .bss           0x0000000000001bf0        0x0 ../AlarmClock_bsp/\libhal_bsp.a(alt_irq_entry.o)
 .bss           0x0000000000001bf0        0x0 ../AlarmClock_bsp/\libhal_bsp.a(alt_irq_handler.o)
 .bss           0x0000000000001bf0        0x0 ../AlarmClock_bsp/\libhal_bsp.a(alt_irq_vars.o)
 .bss           0x0000000000001bf0        0x0 ../AlarmClock_bsp/\libhal_bsp.a(alt_load.o)
 .bss           0x0000000000001bf0        0x0 ../AlarmClock_bsp/\libhal_bsp.a(alt_main.o)
 .bss           0x0000000000001bf0        0x0 ../AlarmClock_bsp/\libhal_bsp.a(alt_printf.o)
 .bss           0x0000000000001bf0        0x0 ../AlarmClock_bsp/\libhal_bsp.a(alt_putchar.o)
 .bss           0x0000000000001bf0        0x0 ../AlarmClock_bsp/\libhal_bsp.a(alt_putstr.o)
 .bss           0x0000000000001bf0        0x0 ../AlarmClock_bsp/\libhal_bsp.a(alt_sys_init.o)
 .bss           0x0000000000001bf0        0x0 ../AlarmClock_bsp/\libhal_bsp.a(altera_avalon_jtag_uart_write.o)
 .bss           0x0000000000001bf0        0x0 ../AlarmClock_bsp/\libhal_bsp.a(alt_dcache_flush_all.o)
 .bss           0x0000000000001bf0        0x0 ../AlarmClock_bsp/\libhal_bsp.a(alt_exception_entry.o)
 .bss           0x0000000000001bf0        0x0 ../AlarmClock_bsp/\libhal_bsp.a(alt_icache_flush_all.o)
 .bss           0x0000000000001bf0        0x0 ../AlarmClock_bsp/\libhal_bsp.a(alt_instruction_exception_entry.o)
 .bss           0x0000000000001bf0        0x0 ../AlarmClock_bsp/\libhal_bsp.a(altera_nios2_gen2_irq.o)
 .bss           0x0000000000001bf0        0x0 c:/intelfpga_lite/18.1/nios2eds/bin/gnu/h-x86_64-mingw32/bin/../lib/gcc/nios2-elf/5.3.0/../../../../../H-x86_64-mingw32/nios2-elf/lib/mno-hw-mul\libsmallc.a(lib_a-strlen.o)
 *(COMMON)
 COMMON         0x0000000000001bf0      0x100 ../AlarmClock_bsp/\libhal_bsp.a(alt_irq_handler.o)
                0x0000000000001bf0                alt_irq
                0x0000000000001cf0                . = ALIGN (0x4)
                0x0000000000001cf0                __bss_end = ABSOLUTE (.)

.RAM            0x0000000000001cf0        0x0
                [!provide]                        PROVIDE (_alt_partition_RAM_start, ABSOLUTE (.))
 *(.RAM .RAM. RAM.*)
                0x0000000000001cf0                . = ALIGN (0x4)
                [!provide]                        PROVIDE (_alt_partition_RAM_end, ABSOLUTE (.))
                0x0000000000001cf0                _end = ABSOLUTE (.)
                0x0000000000001cf0                end = ABSOLUTE (.)
                0x0000000000001cf0                __alt_stack_base = ABSOLUTE (.)
                [!provide]                        PROVIDE (_alt_partition_RAM_load_addr, LOADADDR (.RAM))

.stab
 *(.stab)

.stabstr
 *(.stabstr)

.stab.excl
 *(.stab.excl)

.stab.exclstr
 *(.stab.exclstr)

.stab.index
 *(.stab.index)

.stab.indexstr
 *(.stab.indexstr)

.comment        0x0000000000000000       0x23
 *(.comment)
 .comment       0x0000000000000000       0x23 obj/default/hello_world_small.o
                                         0x24 (size before relaxing)
 .comment       0x0000000000000023       0x24 c:/intelfpga_lite/18.1/nios2eds/bin/gnu/h-x86_64-mingw32/bin/../lib/gcc/nios2-elf/5.3.0/mno-hw-mul\libgcc.a(lib2-divmod.o)
 .comment       0x0000000000000023       0x24 ../AlarmClock_bsp/\libhal_bsp.a(alt_iic.o)
 .comment       0x0000000000000023       0x24 ../AlarmClock_bsp/\libhal_bsp.a(alt_iic_isr_register.o)
 .comment       0x0000000000000023       0x24 ../AlarmClock_bsp/\libhal_bsp.a(alt_irq_handler.o)
 .comment       0x0000000000000023       0x24 ../AlarmClock_bsp/\libhal_bsp.a(alt_irq_vars.o)
 .comment       0x0000000000000023       0x24 ../AlarmClock_bsp/\libhal_bsp.a(alt_load.o)
 .comment       0x0000000000000023       0x24 ../AlarmClock_bsp/\libhal_bsp.a(alt_main.o)
 .comment       0x0000000000000023       0x24 ../AlarmClock_bsp/\libhal_bsp.a(alt_printf.o)
 .comment       0x0000000000000023       0x24 ../AlarmClock_bsp/\libhal_bsp.a(alt_putchar.o)
 .comment       0x0000000000000023       0x24 ../AlarmClock_bsp/\libhal_bsp.a(alt_putstr.o)
 .comment       0x0000000000000023       0x24 ../AlarmClock_bsp/\libhal_bsp.a(alt_sys_init.o)
 .comment       0x0000000000000023       0x24 ../AlarmClock_bsp/\libhal_bsp.a(altera_avalon_jtag_uart_write.o)
 .comment       0x0000000000000023       0x24 ../AlarmClock_bsp/\libhal_bsp.a(alt_dcache_flush_all.o)
 .comment       0x0000000000000023       0x24 ../AlarmClock_bsp/\libhal_bsp.a(alt_icache_flush_all.o)
 .comment       0x0000000000000023       0x24 ../AlarmClock_bsp/\libhal_bsp.a(alt_instruction_exception_entry.o)
 .comment       0x0000000000000023       0x24 ../AlarmClock_bsp/\libhal_bsp.a(altera_nios2_gen2_irq.o)
 .comment       0x0000000000000023       0x24 c:/intelfpga_lite/18.1/nios2eds/bin/gnu/h-x86_64-mingw32/bin/../lib/gcc/nios2-elf/5.3.0/../../../../../H-x86_64-mingw32/nios2-elf/lib/mno-hw-mul\libsmallc.a(lib_a-strlen.o)

.debug
 *(.debug)

.line
 *(.line)

.debug_srcinfo
 *(.debug_srcinfo)

.debug_sfnames
 *(.debug_sfnames)

.debug_aranges  0x0000000000000000      0x2d8
 *(.debug_aranges)
 .debug_aranges
                0x0000000000000000       0x28 ../AlarmClock_bsp//obj/HAL/src/crt0.o
 .debug_aranges
                0x0000000000000028       0x28 obj/default/hello_world_small.o
 .debug_aranges
                0x0000000000000050       0x20 c:/intelfpga_lite/18.1/nios2eds/bin/gnu/h-x86_64-mingw32/bin/../lib/gcc/nios2-elf/5.3.0/mno-hw-mul\libgcc.a(lib2-divmod.o)
 .debug_aranges
                0x0000000000000070       0x20 ../AlarmClock_bsp/\libhal_bsp.a(alt_iic.o)
 .debug_aranges
                0x0000000000000090       0x20 ../AlarmClock_bsp/\libhal_bsp.a(alt_iic_isr_register.o)
 .debug_aranges
                0x00000000000000b0       0x30 ../AlarmClock_bsp/\libhal_bsp.a(alt_irq_entry.o)
 .debug_aranges
                0x00000000000000e0       0x20 ../AlarmClock_bsp/\libhal_bsp.a(alt_irq_handler.o)
 .debug_aranges
                0x0000000000000100       0x18 ../AlarmClock_bsp/\libhal_bsp.a(alt_irq_vars.o)
 .debug_aranges
                0x0000000000000118       0x20 ../AlarmClock_bsp/\libhal_bsp.a(alt_load.o)
 .debug_aranges
                0x0000000000000138       0x20 ../AlarmClock_bsp/\libhal_bsp.a(alt_main.o)
 .debug_aranges
                0x0000000000000158       0x20 ../AlarmClock_bsp/\libhal_bsp.a(alt_printf.o)
 .debug_aranges
                0x0000000000000178       0x20 ../AlarmClock_bsp/\libhal_bsp.a(alt_putchar.o)
 .debug_aranges
                0x0000000000000198       0x20 ../AlarmClock_bsp/\libhal_bsp.a(alt_putstr.o)
 .debug_aranges
                0x00000000000001b8       0x20 ../AlarmClock_bsp/\libhal_bsp.a(alt_sys_init.o)
 .debug_aranges
                0x00000000000001d8       0x20 ../AlarmClock_bsp/\libhal_bsp.a(altera_avalon_jtag_uart_write.o)
 .debug_aranges
                0x00000000000001f8       0x20 ../AlarmClock_bsp/\libhal_bsp.a(alt_dcache_flush_all.o)
 .debug_aranges
                0x0000000000000218       0x38 ../AlarmClock_bsp/\libhal_bsp.a(alt_exception_entry.o)
 .debug_aranges
                0x0000000000000250       0x20 ../AlarmClock_bsp/\libhal_bsp.a(alt_icache_flush_all.o)
 .debug_aranges
                0x0000000000000270       0x28 ../AlarmClock_bsp/\libhal_bsp.a(alt_instruction_exception_entry.o)
 .debug_aranges
                0x0000000000000298       0x20 ../AlarmClock_bsp/\libhal_bsp.a(altera_nios2_gen2_irq.o)
 .debug_aranges
                0x00000000000002b8       0x20 c:/intelfpga_lite/18.1/nios2eds/bin/gnu/h-x86_64-mingw32/bin/../lib/gcc/nios2-elf/5.3.0/../../../../../H-x86_64-mingw32/nios2-elf/lib/mno-hw-mul\libsmallc.a(lib_a-strlen.o)

.debug_pubnames
 *(.debug_pubnames)

.debug_info     0x0000000000000000     0x1e63
 *(.debug_info .gnu.linkonce.wi.*)
 .debug_info    0x0000000000000000       0x80 ../AlarmClock_bsp//obj/HAL/src/crt0.o
 .debug_info    0x0000000000000080      0x3aa obj/default/hello_world_small.o
 .debug_info    0x000000000000042a      0x2c6 c:/intelfpga_lite/18.1/nios2eds/bin/gnu/h-x86_64-mingw32/bin/../lib/gcc/nios2-elf/5.3.0/mno-hw-mul\libgcc.a(lib2-divmod.o)
 .debug_info    0x00000000000006f0      0x38a ../AlarmClock_bsp/\libhal_bsp.a(alt_iic.o)
 .debug_info    0x0000000000000a7a      0x232 ../AlarmClock_bsp/\libhal_bsp.a(alt_iic_isr_register.o)
 .debug_info    0x0000000000000cac       0x89 ../AlarmClock_bsp/\libhal_bsp.a(alt_irq_entry.o)
 .debug_info    0x0000000000000d35      0x184 ../AlarmClock_bsp/\libhal_bsp.a(alt_irq_handler.o)
 .debug_info    0x0000000000000eb9       0x88 ../AlarmClock_bsp/\libhal_bsp.a(alt_irq_vars.o)
 .debug_info    0x0000000000000f41      0x1c9 ../AlarmClock_bsp/\libhal_bsp.a(alt_load.o)
 .debug_info    0x000000000000110a      0x169 ../AlarmClock_bsp/\libhal_bsp.a(alt_main.o)
 .debug_info    0x0000000000001273      0x14d ../AlarmClock_bsp/\libhal_bsp.a(alt_printf.o)
 .debug_info    0x00000000000013c0      0x12a ../AlarmClock_bsp/\libhal_bsp.a(alt_putchar.o)
 .debug_info    0x00000000000014ea      0x13a ../AlarmClock_bsp/\libhal_bsp.a(alt_putstr.o)
 .debug_info    0x0000000000001624      0x19d ../AlarmClock_bsp/\libhal_bsp.a(alt_sys_init.o)
 .debug_info    0x00000000000017c1      0x197 ../AlarmClock_bsp/\libhal_bsp.a(altera_avalon_jtag_uart_write.o)
 .debug_info    0x0000000000001958       0x92 ../AlarmClock_bsp/\libhal_bsp.a(alt_dcache_flush_all.o)
 .debug_info    0x00000000000019ea       0x8f ../AlarmClock_bsp/\libhal_bsp.a(alt_exception_entry.o)
 .debug_info    0x0000000000001a79       0x92 ../AlarmClock_bsp/\libhal_bsp.a(alt_icache_flush_all.o)
 .debug_info    0x0000000000001b0b      0x1fd ../AlarmClock_bsp/\libhal_bsp.a(alt_instruction_exception_entry.o)
 .debug_info    0x0000000000001d08       0x92 ../AlarmClock_bsp/\libhal_bsp.a(altera_nios2_gen2_irq.o)
 .debug_info    0x0000000000001d9a       0xc9 c:/intelfpga_lite/18.1/nios2eds/bin/gnu/h-x86_64-mingw32/bin/../lib/gcc/nios2-elf/5.3.0/../../../../../H-x86_64-mingw32/nios2-elf/lib/mno-hw-mul\libsmallc.a(lib_a-strlen.o)

.debug_abbrev   0x0000000000000000      0xff8
 *(.debug_abbrev)
 .debug_abbrev  0x0000000000000000       0x12 ../AlarmClock_bsp//obj/HAL/src/crt0.o
 .debug_abbrev  0x0000000000000012      0x1c9 obj/default/hello_world_small.o
 .debug_abbrev  0x00000000000001db      0x10e c:/intelfpga_lite/18.1/nios2eds/bin/gnu/h-x86_64-mingw32/bin/../lib/gcc/nios2-elf/5.3.0/mno-hw-mul\libgcc.a(lib2-divmod.o)
 .debug_abbrev  0x00000000000002e9      0x1a0 ../AlarmClock_bsp/\libhal_bsp.a(alt_iic.o)
 .debug_abbrev  0x0000000000000489      0x19c ../AlarmClock_bsp/\libhal_bsp.a(alt_iic_isr_register.o)
 .debug_abbrev  0x0000000000000625       0x12 ../AlarmClock_bsp/\libhal_bsp.a(alt_irq_entry.o)
 .debug_abbrev  0x0000000000000637      0x120 ../AlarmClock_bsp/\libhal_bsp.a(alt_irq_handler.o)
 .debug_abbrev  0x0000000000000757       0x40 ../AlarmClock_bsp/\libhal_bsp.a(alt_irq_vars.o)
 .debug_abbrev  0x0000000000000797       0xd8 ../AlarmClock_bsp/\libhal_bsp.a(alt_load.o)
 .debug_abbrev  0x000000000000086f       0xee ../AlarmClock_bsp/\libhal_bsp.a(alt_main.o)
 .debug_abbrev  0x000000000000095d       0xd5 ../AlarmClock_bsp/\libhal_bsp.a(alt_printf.o)
 .debug_abbrev  0x0000000000000a32       0xd2 ../AlarmClock_bsp/\libhal_bsp.a(alt_putchar.o)
 .debug_abbrev  0x0000000000000b04       0xd3 ../AlarmClock_bsp/\libhal_bsp.a(alt_putstr.o)
 .debug_abbrev  0x0000000000000bd7      0x10e ../AlarmClock_bsp/\libhal_bsp.a(alt_sys_init.o)
 .debug_abbrev  0x0000000000000ce5       0xd5 ../AlarmClock_bsp/\libhal_bsp.a(altera_avalon_jtag_uart_write.o)
 .debug_abbrev  0x0000000000000dba       0x42 ../AlarmClock_bsp/\libhal_bsp.a(alt_dcache_flush_all.o)
 .debug_abbrev  0x0000000000000dfc       0x12 ../AlarmClock_bsp/\libhal_bsp.a(alt_exception_entry.o)
 .debug_abbrev  0x0000000000000e0e       0x42 ../AlarmClock_bsp/\libhal_bsp.a(alt_icache_flush_all.o)
 .debug_abbrev  0x0000000000000e50       0xe7 ../AlarmClock_bsp/\libhal_bsp.a(alt_instruction_exception_entry.o)
 .debug_abbrev  0x0000000000000f37       0x42 ../AlarmClock_bsp/\libhal_bsp.a(altera_nios2_gen2_irq.o)
 .debug_abbrev  0x0000000000000f79       0x7f c:/intelfpga_lite/18.1/nios2eds/bin/gnu/h-x86_64-mingw32/bin/../lib/gcc/nios2-elf/5.3.0/../../../../../H-x86_64-mingw32/nios2-elf/lib/mno-hw-mul\libsmallc.a(lib_a-strlen.o)

.debug_line     0x0000000000000000      0xedc
 *(.debug_line)
 .debug_line    0x0000000000000000       0x66 ../AlarmClock_bsp//obj/HAL/src/crt0.o
 .debug_line    0x0000000000000066      0x11e obj/default/hello_world_small.o
 .debug_line    0x0000000000000184      0x105 c:/intelfpga_lite/18.1/nios2eds/bin/gnu/h-x86_64-mingw32/bin/../lib/gcc/nios2-elf/5.3.0/mno-hw-mul\libgcc.a(lib2-divmod.o)
 .debug_line    0x0000000000000289       0xf1 ../AlarmClock_bsp/\libhal_bsp.a(alt_iic.o)
 .debug_line    0x000000000000037a       0xd6 ../AlarmClock_bsp/\libhal_bsp.a(alt_iic_isr_register.o)
 .debug_line    0x0000000000000450       0x6b ../AlarmClock_bsp/\libhal_bsp.a(alt_irq_entry.o)
 .debug_line    0x00000000000004bb       0xa5 ../AlarmClock_bsp/\libhal_bsp.a(alt_irq_handler.o)
 .debug_line    0x0000000000000560       0x50 ../AlarmClock_bsp/\libhal_bsp.a(alt_irq_vars.o)
 .debug_line    0x00000000000005b0       0xa4 ../AlarmClock_bsp/\libhal_bsp.a(alt_load.o)
 .debug_line    0x0000000000000654       0xbd ../AlarmClock_bsp/\libhal_bsp.a(alt_main.o)
 .debug_line    0x0000000000000711      0x112 ../AlarmClock_bsp/\libhal_bsp.a(alt_printf.o)
 .debug_line    0x0000000000000823       0x55 ../AlarmClock_bsp/\libhal_bsp.a(alt_putchar.o)
 .debug_line    0x0000000000000878       0xa0 ../AlarmClock_bsp/\libhal_bsp.a(alt_putstr.o)
 .debug_line    0x0000000000000918      0x11a ../AlarmClock_bsp/\libhal_bsp.a(alt_sys_init.o)
 .debug_line    0x0000000000000a32       0xf0 ../AlarmClock_bsp/\libhal_bsp.a(altera_avalon_jtag_uart_write.o)
 .debug_line    0x0000000000000b22       0x4e ../AlarmClock_bsp/\libhal_bsp.a(alt_dcache_flush_all.o)
 .debug_line    0x0000000000000b70       0xb3 ../AlarmClock_bsp/\libhal_bsp.a(alt_exception_entry.o)
 .debug_line    0x0000000000000c23       0x4e ../AlarmClock_bsp/\libhal_bsp.a(alt_icache_flush_all.o)
 .debug_line    0x0000000000000c71       0xbf ../AlarmClock_bsp/\libhal_bsp.a(alt_instruction_exception_entry.o)
 .debug_line    0x0000000000000d30       0x50 ../AlarmClock_bsp/\libhal_bsp.a(altera_nios2_gen2_irq.o)
 .debug_line    0x0000000000000d80      0x15c c:/intelfpga_lite/18.1/nios2eds/bin/gnu/h-x86_64-mingw32/bin/../lib/gcc/nios2-elf/5.3.0/../../../../../H-x86_64-mingw32/nios2-elf/lib/mno-hw-mul\libsmallc.a(lib_a-strlen.o)

.debug_frame    0x0000000000000000      0x404
 *(.debug_frame)
 .debug_frame   0x0000000000000000       0xe4 obj/default/hello_world_small.o
 .debug_frame   0x00000000000000e4       0x50 c:/intelfpga_lite/18.1/nios2eds/bin/gnu/h-x86_64-mingw32/bin/../lib/gcc/nios2-elf/5.3.0/mno-hw-mul\libgcc.a(lib2-divmod.o)
 .debug_frame   0x0000000000000134       0x50 ../AlarmClock_bsp/\libhal_bsp.a(alt_iic.o)
 .debug_frame   0x0000000000000184       0x30 ../AlarmClock_bsp/\libhal_bsp.a(alt_iic_isr_register.o)
 .debug_frame   0x00000000000001b4       0x34 ../AlarmClock_bsp/\libhal_bsp.a(alt_irq_handler.o)
 .debug_frame   0x00000000000001e8       0x30 ../AlarmClock_bsp/\libhal_bsp.a(alt_load.o)
 .debug_frame   0x0000000000000218       0x2c ../AlarmClock_bsp/\libhal_bsp.a(alt_main.o)
 .debug_frame   0x0000000000000244       0x54 ../AlarmClock_bsp/\libhal_bsp.a(alt_printf.o)
 .debug_frame   0x0000000000000298       0x30 ../AlarmClock_bsp/\libhal_bsp.a(alt_putchar.o)
 .debug_frame   0x00000000000002c8       0x30 ../AlarmClock_bsp/\libhal_bsp.a(alt_putstr.o)
 .debug_frame   0x00000000000002f8       0x3c ../AlarmClock_bsp/\libhal_bsp.a(alt_sys_init.o)
 .debug_frame   0x0000000000000334       0x20 ../AlarmClock_bsp/\libhal_bsp.a(altera_avalon_jtag_uart_write.o)
 .debug_frame   0x0000000000000354       0x20 ../AlarmClock_bsp/\libhal_bsp.a(alt_dcache_flush_all.o)
 .debug_frame   0x0000000000000374       0x20 ../AlarmClock_bsp/\libhal_bsp.a(alt_icache_flush_all.o)
 .debug_frame   0x0000000000000394       0x30 ../AlarmClock_bsp/\libhal_bsp.a(alt_instruction_exception_entry.o)
 .debug_frame   0x00000000000003c4       0x20 ../AlarmClock_bsp/\libhal_bsp.a(altera_nios2_gen2_irq.o)
 .debug_frame   0x00000000000003e4       0x20 c:/intelfpga_lite/18.1/nios2eds/bin/gnu/h-x86_64-mingw32/bin/../lib/gcc/nios2-elf/5.3.0/../../../../../H-x86_64-mingw32/nios2-elf/lib/mno-hw-mul\libsmallc.a(lib_a-strlen.o)

.debug_str      0x0000000000000000      0xf2e
 *(.debug_str)
 .debug_str     0x0000000000000000      0x258 obj/default/hello_world_small.o
                                        0x29e (size before relaxing)
 .debug_str     0x0000000000000258      0x187 c:/intelfpga_lite/18.1/nios2eds/bin/gnu/h-x86_64-mingw32/bin/../lib/gcc/nios2-elf/5.3.0/mno-hw-mul\libgcc.a(lib2-divmod.o)
                                        0x1d2 (size before relaxing)
 .debug_str     0x00000000000003df      0x14e ../AlarmClock_bsp/\libhal_bsp.a(alt_iic.o)
                                        0x265 (size before relaxing)
 .debug_str     0x000000000000052d       0x37 ../AlarmClock_bsp/\libhal_bsp.a(alt_iic_isr_register.o)
                                        0x21f (size before relaxing)
 .debug_str     0x0000000000000564       0x3a ../AlarmClock_bsp/\libhal_bsp.a(alt_irq_handler.o)
                                        0x1a9 (size before relaxing)
 .debug_str     0x000000000000059e       0x17 ../AlarmClock_bsp/\libhal_bsp.a(alt_irq_vars.o)
                                        0x14c (size before relaxing)
 .debug_str     0x00000000000005b5      0x113 ../AlarmClock_bsp/\libhal_bsp.a(alt_load.o)
                                        0x24e (size before relaxing)
 .debug_str     0x00000000000006c8       0x8a ../AlarmClock_bsp/\libhal_bsp.a(alt_main.o)
                                        0x1c7 (size before relaxing)
 .debug_str     0x0000000000000752       0x59 ../AlarmClock_bsp/\libhal_bsp.a(alt_printf.o)
                                        0x118 (size before relaxing)
 .debug_str     0x00000000000007ab       0x59 ../AlarmClock_bsp/\libhal_bsp.a(alt_putchar.o)
                                        0x198 (size before relaxing)
 .debug_str     0x0000000000000804       0x1c ../AlarmClock_bsp/\libhal_bsp.a(alt_putstr.o)
                                        0x19d (size before relaxing)
 .debug_str     0x0000000000000820       0xb9 ../AlarmClock_bsp/\libhal_bsp.a(alt_sys_init.o)
                                        0x269 (size before relaxing)
 .debug_str     0x00000000000008d9       0x32 ../AlarmClock_bsp/\libhal_bsp.a(altera_avalon_jtag_uart_write.o)
                                        0x227 (size before relaxing)
 .debug_str     0x000000000000090b       0x1f ../AlarmClock_bsp/\libhal_bsp.a(alt_dcache_flush_all.o)
                                        0x167 (size before relaxing)
 .debug_str     0x000000000000092a       0x1f ../AlarmClock_bsp/\libhal_bsp.a(alt_icache_flush_all.o)
                                        0x167 (size before relaxing)
 .debug_str     0x0000000000000949      0x48b ../AlarmClock_bsp/\libhal_bsp.a(alt_instruction_exception_entry.o)
                                        0x5b2 (size before relaxing)
 .debug_str     0x0000000000000dd4       0x20 ../AlarmClock_bsp/\libhal_bsp.a(altera_nios2_gen2_irq.o)
                                        0x16e (size before relaxing)
 .debug_str     0x0000000000000df4      0x13a c:/intelfpga_lite/18.1/nios2eds/bin/gnu/h-x86_64-mingw32/bin/../lib/gcc/nios2-elf/5.3.0/../../../../../H-x86_64-mingw32/nios2-elf/lib/mno-hw-mul\libsmallc.a(lib_a-strlen.o)
                                        0x1e5 (size before relaxing)

.debug_loc      0x0000000000000000      0xc6f
 *(.debug_loc)
 .debug_loc     0x0000000000000000       0xbc obj/default/hello_world_small.o
 .debug_loc     0x00000000000000bc      0x4ce c:/intelfpga_lite/18.1/nios2eds/bin/gnu/h-x86_64-mingw32/bin/../lib/gcc/nios2-elf/5.3.0/mno-hw-mul\libgcc.a(lib2-divmod.o)
 .debug_loc     0x000000000000058a      0x170 ../AlarmClock_bsp/\libhal_bsp.a(alt_iic.o)
 .debug_loc     0x00000000000006fa      0x193 ../AlarmClock_bsp/\libhal_bsp.a(alt_iic_isr_register.o)
 .debug_loc     0x000000000000088d       0x72 ../AlarmClock_bsp/\libhal_bsp.a(alt_irq_handler.o)
 .debug_loc     0x00000000000008ff      0x1de ../AlarmClock_bsp/\libhal_bsp.a(alt_printf.o)
 .debug_loc     0x0000000000000add       0x2c ../AlarmClock_bsp/\libhal_bsp.a(alt_putchar.o)
 .debug_loc     0x0000000000000b09       0x37 ../AlarmClock_bsp/\libhal_bsp.a(alt_putstr.o)
 .debug_loc     0x0000000000000b40       0x21 ../AlarmClock_bsp/\libhal_bsp.a(alt_sys_init.o)
 .debug_loc     0x0000000000000b61       0x8b ../AlarmClock_bsp/\libhal_bsp.a(altera_avalon_jtag_uart_write.o)
 .debug_loc     0x0000000000000bec       0x65 ../AlarmClock_bsp/\libhal_bsp.a(alt_instruction_exception_entry.o)
 .debug_loc     0x0000000000000c51       0x1e c:/intelfpga_lite/18.1/nios2eds/bin/gnu/h-x86_64-mingw32/bin/../lib/gcc/nios2-elf/5.3.0/../../../../../H-x86_64-mingw32/nios2-elf/lib/mno-hw-mul\libsmallc.a(lib_a-strlen.o)

.debug_macinfo
 *(.debug_macinfo)

.debug_weaknames
 *(.debug_weaknames)

.debug_funcnames
 *(.debug_funcnames)

.debug_typenames
 *(.debug_typenames)

.debug_varnames
 *(.debug_varnames)

.debug_alt_sim_info
                0x0000000000000000       0x10
 *(.debug_alt_sim_info)
 .debug_alt_sim_info
                0x0000000000000000       0x10 ../AlarmClock_bsp//obj/HAL/src/crt0.o
                0x0000000000002000                __alt_data_end = 0x2000
                0x0000000000002000                PROVIDE (__alt_stack_pointer, __alt_data_end)
                [!provide]                        PROVIDE (__alt_stack_limit, __alt_stack_base)
                [!provide]                        PROVIDE (__alt_heap_start, end)
                [!provide]                        PROVIDE (__alt_heap_limit, 0x2000)
OUTPUT(AlarmClock.elf elf32-littlenios2)

.debug_ranges   0x0000000000000000      0x1b0
 .debug_ranges  0x0000000000000000       0x20 ../AlarmClock_bsp//obj/HAL/src/crt0.o
 .debug_ranges  0x0000000000000020       0x40 obj/default/hello_world_small.o
 .debug_ranges  0x0000000000000060       0x60 c:/intelfpga_lite/18.1/nios2eds/bin/gnu/h-x86_64-mingw32/bin/../lib/gcc/nios2-elf/5.3.0/mno-hw-mul\libgcc.a(lib2-divmod.o)
 .debug_ranges  0x00000000000000c0       0x28 ../AlarmClock_bsp/\libhal_bsp.a(alt_irq_entry.o)
 .debug_ranges  0x00000000000000e8       0x10 ../AlarmClock_bsp/\libhal_bsp.a(alt_irq_handler.o)
 .debug_ranges  0x00000000000000f8       0x48 ../AlarmClock_bsp/\libhal_bsp.a(alt_load.o)
 .debug_ranges  0x0000000000000140       0x18 ../AlarmClock_bsp/\libhal_bsp.a(alt_printf.o)
 .debug_ranges  0x0000000000000158       0x30 ../AlarmClock_bsp/\libhal_bsp.a(alt_exception_entry.o)
 .debug_ranges  0x0000000000000188       0x18 ../AlarmClock_bsp/\libhal_bsp.a(alt_instruction_exception_entry.o)
 .debug_ranges  0x00000000000001a0       0x10 c:/intelfpga_lite/18.1/nios2eds/bin/gnu/h-x86_64-mingw32/bin/../lib/gcc/nios2-elf/5.3.0/../../../../../H-x86_64-mingw32/nios2-elf/lib/mno-hw-mul\libsmallc.a(lib_a-strlen.o)
