Archive member included to satisfy reference by file (symbol)

c:/intelfpga_lite/18.1/nios2eds/bin/gnu/h-x86_64-mingw32/bin/../lib/gcc/nios2-elf/5.3.0/mno-hw-mul\libgcc.a(lib2-divmod.o)
                              obj/default/hello_world_small.o (__divsi3)
../AlarmClock_bsp/\libhal_bsp.a(alt_iic.o)
                              obj/default/hello_world_small.o (alt_ic_isr_register)
../AlarmClock_bsp/\libhal_bsp.a(alt_iic_isr_register.o)
                              ../AlarmClock_bsp/\libhal_bsp.a(alt_iic.o) (alt_iic_isr_register)
../AlarmClock_bsp/\libhal_bsp.a(alt_irq_entry.o)
                              ../AlarmClock_bsp/\libhal_bsp.a(alt_iic_isr_register.o) (alt_irq_entry)
../AlarmClock_bsp/\libhal_bsp.a(alt_irq_handler.o)
                              ../AlarmClock_bsp/\libhal_bsp.a(alt_iic_isr_register.o) (alt_irq_handler)
../AlarmClock_bsp/\libhal_bsp.a(alt_irq_vars.o)
                              ../AlarmClock_bsp/\libhal_bsp.a(alt_iic.o) (alt_irq_active)
../AlarmClock_bsp/\libhal_bsp.a(alt_load.o)
                              ../AlarmClock_bsp//obj/HAL/src/crt0.o (alt_load)
../AlarmClock_bsp/\libhal_bsp.a(alt_main.o)
                              ../AlarmClock_bsp//obj/HAL/src/crt0.o (alt_main)
../AlarmClock_bsp/\libhal_bsp.a(alt_putstr.o)
                              obj/default/hello_world_small.o (alt_putstr)
../AlarmClock_bsp/\libhal_bsp.a(alt_sys_init.o)
                              ../AlarmClock_bsp/\libhal_bsp.a(alt_main.o) (alt_irq_init)
../AlarmClock_bsp/\libhal_bsp.a(altera_avalon_jtag_uart_write.o)
                              ../AlarmClock_bsp/\libhal_bsp.a(alt_putstr.o) (altera_avalon_jtag_uart_write)
../AlarmClock_bsp/\libhal_bsp.a(alt_dcache_flush_all.o)
                              ../AlarmClock_bsp/\libhal_bsp.a(alt_load.o) (alt_dcache_flush_all)
../AlarmClock_bsp/\libhal_bsp.a(alt_exception_entry.o)
                              ../AlarmClock_bsp/\libhal_bsp.a(alt_irq_entry.o) (alt_exception)
../AlarmClock_bsp/\libhal_bsp.a(alt_icache_flush_all.o)
                              ../AlarmClock_bsp/\libhal_bsp.a(alt_load.o) (alt_icache_flush_all)
../AlarmClock_bsp/\libhal_bsp.a(alt_instruction_exception_entry.o)
                              ../AlarmClock_bsp/\libhal_bsp.a(alt_exception_entry.o) (alt_instruction_exception_entry)
../AlarmClock_bsp/\libhal_bsp.a(altera_nios2_gen2_irq.o)
                              ../AlarmClock_bsp/\libhal_bsp.a(alt_sys_init.o) (altera_nios2_gen2_irq_init)
c:/intelfpga_lite/18.1/nios2eds/bin/gnu/h-x86_64-mingw32/bin/../lib/gcc/nios2-elf/5.3.0/../../../../../H-x86_64-mingw32/nios2-elf/lib/mno-hw-mul\libsmallc.a(lib_a-strlen.o)
                              ../AlarmClock_bsp/\libhal_bsp.a(alt_putstr.o) (strlen)

Allocating common symbols
Common symbol       size              file

alt_irq             0x100             ../AlarmClock_bsp/\libhal_bsp.a(alt_irq_handler.o)

Memory Configuration

Name             Origin             Length             Attributes
reset            0x0000000000001000 0x0000000000000020
RAM              0x0000000000001020 0x0000000000000fe0
*default*        0x0000000000000000 0xffffffffffffffff

Linker script and memory map

LOAD ../AlarmClock_bsp//obj/HAL/src/crt0.o
LOAD obj/default/hello_world_small.o
LOAD c:/intelfpga_lite/18.1/nios2eds/bin/gnu/h-x86_64-mingw32/bin/../lib/gcc/nios2-elf/5.3.0/../../../../../H-x86_64-mingw32/nios2-elf/lib/mno-hw-mul\libstdc++.a
LOAD c:/intelfpga_lite/18.1/nios2eds/bin/gnu/h-x86_64-mingw32/bin/../lib/gcc/nios2-elf/5.3.0/../../../../../H-x86_64-mingw32/nios2-elf/lib/mno-hw-mul\libm.a
LOAD c:/intelfpga_lite/18.1/nios2eds/bin/gnu/h-x86_64-mingw32/bin/../lib/gcc/nios2-elf/5.3.0/mno-hw-mul\libgcc.a
START GROUP
LOAD c:/intelfpga_lite/18.1/nios2eds/bin/gnu/h-x86_64-mingw32/bin/../lib/gcc/nios2-elf/5.3.0/../../../../../H-x86_64-mingw32/nios2-elf/lib/mno-hw-mul\libsmallc.a
LOAD c:/intelfpga_lite/18.1/nios2eds/bin/gnu/h-x86_64-mingw32/bin/../lib/gcc/nios2-elf/5.3.0/mno-hw-mul\libgcc.a
LOAD ../AlarmClock_bsp/\libhal_bsp.a
LOAD c:/intelfpga_lite/18.1/nios2eds/bin/gnu/h-x86_64-mingw32/bin/../lib/gcc/nios2-elf/5.3.0/../../../../../H-x86_64-mingw32/nios2-elf/lib/mno-hw-mul\libm.a
END GROUP
LOAD c:/intelfpga_lite/18.1/nios2eds/bin/gnu/h-x86_64-mingw32/bin/../lib/gcc/nios2-elf/5.3.0/mno-hw-mul\libgcc.a
                0x0000000000001000                __alt_mem_RAM = 0x1000

.entry          0x0000000000001000       0x20
 *(.entry)
 .entry         0x0000000000001000       0x20 ../AlarmClock_bsp//obj/HAL/src/crt0.o
                0x0000000000001000                __reset
                0x000000000000100c                _exit

.exceptions     0x0000000000001020      0x160
                0x0000000000001020                PROVIDE (__ram_exceptions_start, ABSOLUTE (.))
                0x0000000000001020                . = ALIGN (0x20)
 *(.irq)
 *(.exceptions.entry.label)
 .exceptions.entry.label
                0x0000000000001020        0x0 ../AlarmClock_bsp/\libhal_bsp.a(alt_irq_entry.o)
                0x0000000000001020                alt_irq_entry
 .exceptions.entry.label
                0x0000000000001020        0x0 ../AlarmClock_bsp/\libhal_bsp.a(alt_exception_entry.o)
                0x0000000000001020                alt_exception
 *(.exceptions.entry.user)
 *(.exceptions.entry.ecc_fatal)
 *(.exceptions.entry)
 .exceptions.entry
                0x0000000000001020       0x54 ../AlarmClock_bsp/\libhal_bsp.a(alt_exception_entry.o)
 *(.exceptions.irqtest.user)
 *(.exceptions.irqtest)
 .exceptions.irqtest
                0x0000000000001074       0x10 ../AlarmClock_bsp/\libhal_bsp.a(alt_irq_entry.o)
 *(.exceptions.irqhandler.user)
 *(.exceptions.irqhandler)
 .exceptions.irqhandler
                0x0000000000001084        0x4 ../AlarmClock_bsp/\libhal_bsp.a(alt_irq_entry.o)
 *(.exceptions.irqreturn.user)
 *(.exceptions.irqreturn)
 .exceptions.irqreturn
                0x0000000000001088        0x4 ../AlarmClock_bsp/\libhal_bsp.a(alt_irq_entry.o)
 *(.exceptions.notirq.label)
 .exceptions.notirq.label
                0x000000000000108c        0x0 ../AlarmClock_bsp/\libhal_bsp.a(alt_irq_entry.o)
 *(.exceptions.notirq.user)
 *(.exceptions.notirq)
 .exceptions.notirq
                0x000000000000108c        0x8 ../AlarmClock_bsp/\libhal_bsp.a(alt_exception_entry.o)
 *(.exceptions.soft.user)
 *(.exceptions.soft)
 *(.exceptions.unknown.user)
 *(.exceptions.unknown)
 .exceptions.unknown
                0x0000000000001094       0x14 ../AlarmClock_bsp/\libhal_bsp.a(alt_exception_entry.o)
 *(.exceptions.exit.label)
 .exceptions.exit.label
                0x00000000000010a8        0x0 ../AlarmClock_bsp/\libhal_bsp.a(alt_irq_entry.o)
 .exceptions.exit.label
                0x00000000000010a8        0x0 ../AlarmClock_bsp/\libhal_bsp.a(alt_exception_entry.o)
 *(.exceptions.exit.user)
 *(.exceptions.exit)
 .exceptions.exit
                0x00000000000010a8       0x54 ../AlarmClock_bsp/\libhal_bsp.a(alt_exception_entry.o)
 *(.exceptions)
 .exceptions    0x00000000000010fc       0x60 ../AlarmClock_bsp/\libhal_bsp.a(alt_irq_handler.o)
                0x00000000000010fc                alt_irq_handler
 .exceptions    0x000000000000115c       0x24 ../AlarmClock_bsp/\libhal_bsp.a(alt_instruction_exception_entry.o)
                0x000000000000115c                alt_instruction_exception_entry
                0x0000000000001180                PROVIDE (__ram_exceptions_end, ABSOLUTE (.))
                0x0000000000001020                PROVIDE (__flash_exceptions_start, LOADADDR (.exceptions))

.text           0x0000000000001180      0x654
                [!provide]                        PROVIDE (stext, ABSOLUTE (.))
 *(.interp)
 *(.hash)
 *(.dynsym)
 *(.dynstr)
 *(.gnu.version)
 *(.gnu.version_d)
 *(.gnu.version_r)
 *(.rel.init)
 *(.rela.init)
 *(.rel.text .rel.text.* .rel.gnu.linkonce.t.*)
 *(.rela.text .rela.text.* .rela.gnu.linkonce.t.*)
 *(.rel.fini)
 *(.rela.fini)
 *(.rel.rodata .rel.rodata.* .rel.gnu.linkonce.r.*)
 *(.rela.rodata .rela.rodata.* .rela.gnu.linkonce.r.*)
 *(.rel.data .rel.data.* .rel.gnu.linkonce.d.*)
 *(.rela.data .rela.data.* .rela.gnu.linkonce.d.*)
 *(.rel.tdata .rel.tdata.* .rel.gnu.linkonce.td.*)
 *(.rela.tdata .rela.tdata.* .rela.gnu.linkonce.td.*)
 *(.rel.tbss .rel.tbss.* .rel.gnu.linkonce.tb.*)
 *(.rela.tbss .rela.tbss.* .rela.gnu.linkonce.tb.*)
 *(.rel.ctors)
 *(.rela.ctors)
 *(.rel.dtors)
 *(.rela.dtors)
 *(.rel.got)
 *(.rela.got)
 *(.rel.sdata .rel.sdata.* .rel.gnu.linkonce.s.*)
 *(.rela.sdata .rela.sdata.* .rela.gnu.linkonce.s.*)
 *(.rel.sbss .rel.sbss.* .rel.gnu.linkonce.sb.*)
 *(.rela.sbss .rela.sbss.* .rela.gnu.linkonce.sb.*)
 *(.rel.sdata2 .rel.sdata2.* .rel.gnu.linkonce.s2.*)
 *(.rela.sdata2 .rela.sdata2.* .rela.gnu.linkonce.s2.*)
 *(.rel.sbss2 .rel.sbss2.* .rel.gnu.linkonce.sb2.*)
 *(.rela.sbss2 .rela.sbss2.* .rela.gnu.linkonce.sb2.*)
 *(.rel.bss .rel.bss.* .rel.gnu.linkonce.b.*)
 *(.rela.bss .rela.bss.* .rela.gnu.linkonce.b.*)
 *(.rel.plt)
 *(.rela.plt)
 *(.rel.dyn)
 *(.init)
 *(.plt)
 *(.text .stub .text.* .gnu.linkonce.t.*)
 .text          0x0000000000001180       0x3c ../AlarmClock_bsp//obj/HAL/src/crt0.o
                0x0000000000001180                _start
 .text          0x00000000000011bc      0x118 obj/default/hello_world_small.o
                0x0000000000001270                get_led_value
                0x0000000000001298                init_timer_interrupt
 .text.startup  0x00000000000012d4       0x1c obj/default/hello_world_small.o
                0x00000000000012d4                main
 .text          0x00000000000012f0      0x1b4 c:/intelfpga_lite/18.1/nios2eds/bin/gnu/h-x86_64-mingw32/bin/../lib/gcc/nios2-elf/5.3.0/mno-hw-mul\libgcc.a(lib2-divmod.o)
                0x00000000000012f0                __divsi3
                0x0000000000001374                __modsi3
                0x00000000000013e8                __udivsi3
                0x000000000000144c                __umodsi3
 .text          0x00000000000014a4       0x8c ../AlarmClock_bsp/\libhal_bsp.a(alt_iic.o)
                0x00000000000014a4                alt_ic_isr_register
                0x00000000000014a8                alt_ic_irq_enable
                0x00000000000014e0                alt_ic_irq_disable
                0x0000000000001518                alt_ic_irq_enabled
 .text          0x0000000000001530       0x68 ../AlarmClock_bsp/\libhal_bsp.a(alt_iic_isr_register.o)
                0x0000000000001530                alt_iic_isr_register
 .text          0x0000000000001598        0x0 ../AlarmClock_bsp/\libhal_bsp.a(alt_irq_entry.o)
 .text          0x0000000000001598        0x0 ../AlarmClock_bsp/\libhal_bsp.a(alt_irq_handler.o)
 .text          0x0000000000001598        0x0 ../AlarmClock_bsp/\libhal_bsp.a(alt_irq_vars.o)
 .text          0x0000000000001598       0xe0 ../AlarmClock_bsp/\libhal_bsp.a(alt_load.o)
                0x0000000000001598                alt_load
 .text          0x0000000000001678       0x2c ../AlarmClock_bsp/\libhal_bsp.a(alt_main.o)
                0x0000000000001678                alt_main
 .text          0x00000000000016a4       0x38 ../AlarmClock_bsp/\libhal_bsp.a(alt_putstr.o)
                0x00000000000016a4                alt_putstr
 .text          0x00000000000016dc       0x24 ../AlarmClock_bsp/\libhal_bsp.a(alt_sys_init.o)
                0x00000000000016dc                alt_irq_init
                0x00000000000016fc                alt_sys_init
 .text          0x0000000000001700       0x34 ../AlarmClock_bsp/\libhal_bsp.a(altera_avalon_jtag_uart_write.o)
                0x0000000000001700                altera_avalon_jtag_uart_write
 .text          0x0000000000001734        0x4 ../AlarmClock_bsp/\libhal_bsp.a(alt_dcache_flush_all.o)
                0x0000000000001734                alt_dcache_flush_all
 .text          0x0000000000001738        0x0 ../AlarmClock_bsp/\libhal_bsp.a(alt_exception_entry.o)
 .text          0x0000000000001738        0x4 ../AlarmClock_bsp/\libhal_bsp.a(alt_icache_flush_all.o)
                0x0000000000001738                alt_icache_flush_all
 .text          0x000000000000173c       0x74 ../AlarmClock_bsp/\libhal_bsp.a(alt_instruction_exception_entry.o)
                0x000000000000173c                alt_exception_cause_generated_bad_addr
 .text          0x00000000000017b0        0x8 ../AlarmClock_bsp/\libhal_bsp.a(altera_nios2_gen2_irq.o)
                0x00000000000017b0                altera_nios2_gen2_irq_init
 .text          0x00000000000017b8        0x0 c:/intelfpga_lite/18.1/nios2eds/bin/gnu/h-x86_64-mingw32/bin/../lib/gcc/nios2-elf/5.3.0/../../../../../H-x86_64-mingw32/nios2-elf/lib/mno-hw-mul\libsmallc.a(lib_a-strlen.o)
 .text.strlen   0x00000000000017b8       0x1c c:/intelfpga_lite/18.1/nios2eds/bin/gnu/h-x86_64-mingw32/bin/../lib/gcc/nios2-elf/5.3.0/../../../../../H-x86_64-mingw32/nios2-elf/lib/mno-hw-mul\libsmallc.a(lib_a-strlen.o)
                0x00000000000017b8                strlen
 *(.gnu.warning.*)
 *(.fini)
                [!provide]                        PROVIDE (__etext, ABSOLUTE (.))
                [!provide]                        PROVIDE (_etext, ABSOLUTE (.))
                [!provide]                        PROVIDE (etext, ABSOLUTE (.))
 *(.eh_frame_hdr)
                0x00000000000017d4                . = ALIGN (0x4)
                [!provide]                        PROVIDE (__preinit_array_start, ABSOLUTE (.))
 *(.preinit_array)
                [!provide]                        PROVIDE (__preinit_array_end, ABSOLUTE (.))
                [!provide]                        PROVIDE (__init_array_start, ABSOLUTE (.))
 *(.init_array)
                [!provide]                        PROVIDE (__init_array_end, ABSOLUTE (.))
                [!provide]                        PROVIDE (__fini_array_start, ABSOLUTE (.))
 *(.fini_array)
                [!provide]                        PROVIDE (__fini_array_end, ABSOLUTE (.))
 *(.eh_frame)
 *(.gcc_except_table .gcc_except_table.*)
 *(.dynamic)
                [!provide]                        PROVIDE (__CTOR_LIST__, ABSOLUTE (.))
 *(.ctors)
 *(SORT(.ctors.*))
                [!provide]                        PROVIDE (__CTOR_END__, ABSOLUTE (.))
                [!provide]                        PROVIDE (__DTOR_LIST__, ABSOLUTE (.))
 *(.dtors)
 *(SORT(.dtors.*))
                [!provide]                        PROVIDE (__DTOR_END__, ABSOLUTE (.))
 *(.jcr)
                0x00000000000017d4                . = ALIGN (0x4)

.rodata         0x00000000000017d4       0x34
                0x00000000000017d4                PROVIDE (__ram_rodata_start, ABSOLUTE (.))
                0x00000000000017d4                . = ALIGN (0x4)
 *(.rodata .rodata.* .gnu.linkonce.r.*)
 .rodata.str1.4
                0x00000000000017d4       0x28 obj/default/hello_world_small.o
                                         0x25 (size before relaxing)
 .rodata        0x00000000000017fc        0xa obj/default/hello_world_small.o
 *(.rodata1)
                0x0000000000001808                . = ALIGN (0x4)
 *fill*         0x0000000000001806        0x2 
                0x0000000000001808                PROVIDE (__ram_rodata_end, ABSOLUTE (.))
                0x00000000000017d4                PROVIDE (__flash_rodata_start, LOADADDR (.rodata))

.rwdata         0x0000000000001808       0x10 load address 0x0000000000001818
                0x0000000000001808                PROVIDE (__ram_rwdata_start, ABSOLUTE (.))
                0x0000000000001808                . = ALIGN (0x4)
 *(.got.plt)
 *(.got)
 *(.data1)
 *(.data .data.* .gnu.linkonce.d.*)
 .data          0x0000000000001808        0x0 ../AlarmClock_bsp//obj/HAL/src/crt0.o
 .data          0x0000000000001808        0x0 obj/default/hello_world_small.o
 .data          0x0000000000001808        0x0 c:/intelfpga_lite/18.1/nios2eds/bin/gnu/h-x86_64-mingw32/bin/../lib/gcc/nios2-elf/5.3.0/mno-hw-mul\libgcc.a(lib2-divmod.o)
 .data          0x0000000000001808        0x0 ../AlarmClock_bsp/\libhal_bsp.a(alt_iic.o)
 .data          0x0000000000001808        0x0 ../AlarmClock_bsp/\libhal_bsp.a(alt_iic_isr_register.o)
 .data          0x0000000000001808        0x0 ../AlarmClock_bsp/\libhal_bsp.a(alt_irq_entry.o)
 .data          0x0000000000001808        0x0 ../AlarmClock_bsp/\libhal_bsp.a(alt_irq_handler.o)
 .data          0x0000000000001808        0x0 ../AlarmClock_bsp/\libhal_bsp.a(alt_irq_vars.o)
 .data          0x0000000000001808        0x0 ../AlarmClock_bsp/\libhal_bsp.a(alt_load.o)
 .data          0x0000000000001808        0x0 ../AlarmClock_bsp/\libhal_bsp.a(alt_main.o)
 .data          0x0000000000001808        0x0 ../AlarmClock_bsp/\libhal_bsp.a(alt_putstr.o)
 .data          0x0000000000001808        0x0 ../AlarmClock_bsp/\libhal_bsp.a(alt_sys_init.o)
 .data          0x0000000000001808        0x0 ../AlarmClock_bsp/\libhal_bsp.a(altera_avalon_jtag_uart_write.o)
 .data          0x0000000000001808        0x0 ../AlarmClock_bsp/\libhal_bsp.a(alt_dcache_flush_all.o)
 .data          0x0000000000001808        0x0 ../AlarmClock_bsp/\libhal_bsp.a(alt_exception_entry.o)
 .data          0x0000000000001808        0x0 ../AlarmClock_bsp/\libhal_bsp.a(alt_icache_flush_all.o)
 .data          0x0000000000001808        0x0 ../AlarmClock_bsp/\libhal_bsp.a(alt_instruction_exception_entry.o)
 .data          0x0000000000001808        0x0 ../AlarmClock_bsp/\libhal_bsp.a(altera_nios2_gen2_irq.o)
 .data          0x0000000000001808        0x0 c:/intelfpga_lite/18.1/nios2eds/bin/gnu/h-x86_64-mingw32/bin/../lib/gcc/nios2-elf/5.3.0/../../../../../H-x86_64-mingw32/nios2-elf/lib/mno-hw-mul\libsmallc.a(lib_a-strlen.o)
                0x0000000000009808                _gp = ABSOLUTE ((. + 0x8000))
                [!provide]                        PROVIDE (gp, _gp)
 *(.rwdata .rwdata.*)
 *(.sdata .sdata.* .gnu.linkonce.s.*)
 .sdata         0x0000000000001808        0x8 obj/default/hello_world_small.o
                0x0000000000001808                led_tens
                0x000000000000180c                led_units
 .sdata         0x0000000000001810        0x4 ../AlarmClock_bsp/\libhal_bsp.a(alt_irq_vars.o)
                0x0000000000001810                alt_priority_mask
 .sdata         0x0000000000001814        0x4 ../AlarmClock_bsp/\libhal_bsp.a(alt_sys_init.o)
                0x0000000000001814                JTAG
 *(.sdata2 .sdata2.* .gnu.linkonce.s2.*)
                0x0000000000001818                . = ALIGN (0x4)
                0x0000000000001818                _edata = ABSOLUTE (.)
                [!provide]                        PROVIDE (edata, ABSOLUTE (.))
                0x0000000000001818                PROVIDE (__ram_rwdata_end, ABSOLUTE (.))
                0x0000000000001818                PROVIDE (__flash_rwdata_start, LOADADDR (.rwdata))

.bss            0x0000000000001828      0x118
                0x0000000000001828                __bss_start = ABSOLUTE (.)
                [!provide]                        PROVIDE (__sbss_start, ABSOLUTE (.))
                [!provide]                        PROVIDE (___sbss_start, ABSOLUTE (.))
 *(.dynsbss)
 *(.sbss .sbss.* .gnu.linkonce.sb.*)
 .sbss          0x0000000000001828        0x2 obj/default/hello_world_small.o
                0x0000000000001828                seconds
 *fill*         0x000000000000182a        0x2 
 .sbss          0x000000000000182c        0x4 ../AlarmClock_bsp/\libhal_bsp.a(alt_irq_vars.o)
                0x000000000000182c                alt_irq_active
 .sbss          0x0000000000001830        0xc ../AlarmClock_bsp/\libhal_bsp.a(alt_main.o)
                0x0000000000001830                alt_envp
                0x0000000000001834                alt_argv
                0x0000000000001838                alt_argc
 .sbss          0x000000000000183c        0x4 ../AlarmClock_bsp/\libhal_bsp.a(alt_instruction_exception_entry.o)
                0x000000000000183c                alt_instruction_exception_handler
 *(.sbss2 .sbss2.* .gnu.linkonce.sb2.*)
 *(.scommon)
                [!provide]                        PROVIDE (__sbss_end, ABSOLUTE (.))
                [!provide]                        PROVIDE (___sbss_end, ABSOLUTE (.))
 *(.dynbss)
 *(.bss .bss.* .gnu.linkonce.b.*)
 .bss           0x0000000000001840        0x0 ../AlarmClock_bsp//obj/HAL/src/crt0.o
 .bss           0x0000000000001840        0x0 obj/default/hello_world_small.o
 .bss           0x0000000000001840        0x0 c:/intelfpga_lite/18.1/nios2eds/bin/gnu/h-x86_64-mingw32/bin/../lib/gcc/nios2-elf/5.3.0/mno-hw-mul\libgcc.a(lib2-divmod.o)
 .bss           0x0000000000001840        0x0 ../AlarmClock_bsp/\libhal_bsp.a(alt_iic.o)
 .bss           0x0000000000001840        0x0 ../AlarmClock_bsp/\libhal_bsp.a(alt_iic_isr_register.o)
 .bss           0x0000000000001840        0x0 ../AlarmClock_bsp/\libhal_bsp.a(alt_irq_entry.o)
 .bss           0x0000000000001840        0x0 ../AlarmClock_bsp/\libhal_bsp.a(alt_irq_handler.o)
 .bss           0x0000000000001840        0x0 ../AlarmClock_bsp/\libhal_bsp.a(alt_irq_vars.o)
 .bss           0x0000000000001840        0x0 ../AlarmClock_bsp/\libhal_bsp.a(alt_load.o)
 .bss           0x0000000000001840        0x0 ../AlarmClock_bsp/\libhal_bsp.a(alt_main.o)
 .bss           0x0000000000001840        0x0 ../AlarmClock_bsp/\libhal_bsp.a(alt_putstr.o)
 .bss           0x0000000000001840        0x0 ../AlarmClock_bsp/\libhal_bsp.a(alt_sys_init.o)
 .bss           0x0000000000001840        0x0 ../AlarmClock_bsp/\libhal_bsp.a(altera_avalon_jtag_uart_write.o)
 .bss           0x0000000000001840        0x0 ../AlarmClock_bsp/\libhal_bsp.a(alt_dcache_flush_all.o)
 .bss           0x0000000000001840        0x0 ../AlarmClock_bsp/\libhal_bsp.a(alt_exception_entry.o)
 .bss           0x0000000000001840        0x0 ../AlarmClock_bsp/\libhal_bsp.a(alt_icache_flush_all.o)
 .bss           0x0000000000001840        0x0 ../AlarmClock_bsp/\libhal_bsp.a(alt_instruction_exception_entry.o)
 .bss           0x0000000000001840        0x0 ../AlarmClock_bsp/\libhal_bsp.a(altera_nios2_gen2_irq.o)
 .bss           0x0000000000001840        0x0 c:/intelfpga_lite/18.1/nios2eds/bin/gnu/h-x86_64-mingw32/bin/../lib/gcc/nios2-elf/5.3.0/../../../../../H-x86_64-mingw32/nios2-elf/lib/mno-hw-mul\libsmallc.a(lib_a-strlen.o)
 *(COMMON)
 COMMON         0x0000000000001840      0x100 ../AlarmClock_bsp/\libhal_bsp.a(alt_irq_handler.o)
                0x0000000000001840                alt_irq
                0x0000000000001940                . = ALIGN (0x4)
                0x0000000000001940                __bss_end = ABSOLUTE (.)

.RAM            0x0000000000001940        0x0
                [!provide]                        PROVIDE (_alt_partition_RAM_start, ABSOLUTE (.))
 *(.RAM .RAM. RAM.*)
                0x0000000000001940                . = ALIGN (0x4)
                [!provide]                        PROVIDE (_alt_partition_RAM_end, ABSOLUTE (.))
                0x0000000000001940                _end = ABSOLUTE (.)
                0x0000000000001940                end = ABSOLUTE (.)
                0x0000000000001940                __alt_stack_base = ABSOLUTE (.)
                [!provide]                        PROVIDE (_alt_partition_RAM_load_addr, LOADADDR (.RAM))

.stab
 *(.stab)

.stabstr
 *(.stabstr)

.stab.excl
 *(.stab.excl)

.stab.exclstr
 *(.stab.exclstr)

.stab.index
 *(.stab.index)

.stab.indexstr
 *(.stab.indexstr)

.comment        0x0000000000000000       0x23
 *(.comment)
 .comment       0x0000000000000000       0x23 obj/default/hello_world_small.o
                                         0x24 (size before relaxing)
 .comment       0x0000000000000023       0x24 c:/intelfpga_lite/18.1/nios2eds/bin/gnu/h-x86_64-mingw32/bin/../lib/gcc/nios2-elf/5.3.0/mno-hw-mul\libgcc.a(lib2-divmod.o)
 .comment       0x0000000000000023       0x24 ../AlarmClock_bsp/\libhal_bsp.a(alt_iic.o)
 .comment       0x0000000000000023       0x24 ../AlarmClock_bsp/\libhal_bsp.a(alt_iic_isr_register.o)
 .comment       0x0000000000000023       0x24 ../AlarmClock_bsp/\libhal_bsp.a(alt_irq_handler.o)
 .comment       0x0000000000000023       0x24 ../AlarmClock_bsp/\libhal_bsp.a(alt_irq_vars.o)
 .comment       0x0000000000000023       0x24 ../AlarmClock_bsp/\libhal_bsp.a(alt_load.o)
 .comment       0x0000000000000023       0x24 ../AlarmClock_bsp/\libhal_bsp.a(alt_main.o)
 .comment       0x0000000000000023       0x24 ../AlarmClock_bsp/\libhal_bsp.a(alt_putstr.o)
 .comment       0x0000000000000023       0x24 ../AlarmClock_bsp/\libhal_bsp.a(alt_sys_init.o)
 .comment       0x0000000000000023       0x24 ../AlarmClock_bsp/\libhal_bsp.a(altera_avalon_jtag_uart_write.o)
 .comment       0x0000000000000023       0x24 ../AlarmClock_bsp/\libhal_bsp.a(alt_dcache_flush_all.o)
 .comment       0x0000000000000023       0x24 ../AlarmClock_bsp/\libhal_bsp.a(alt_icache_flush_all.o)
 .comment       0x0000000000000023       0x24 ../AlarmClock_bsp/\libhal_bsp.a(alt_instruction_exception_entry.o)
 .comment       0x0000000000000023       0x24 ../AlarmClock_bsp/\libhal_bsp.a(altera_nios2_gen2_irq.o)
 .comment       0x0000000000000023       0x24 c:/intelfpga_lite/18.1/nios2eds/bin/gnu/h-x86_64-mingw32/bin/../lib/gcc/nios2-elf/5.3.0/../../../../../H-x86_64-mingw32/nios2-elf/lib/mno-hw-mul\libsmallc.a(lib_a-strlen.o)

.debug
 *(.debug)

.line
 *(.line)

.debug_srcinfo
 *(.debug_srcinfo)

.debug_sfnames
 *(.debug_sfnames)

.debug_aranges  0x0000000000000000      0x298
 *(.debug_aranges)
 .debug_aranges
                0x0000000000000000       0x28 ../AlarmClock_bsp//obj/HAL/src/crt0.o
 .debug_aranges
                0x0000000000000028       0x28 obj/default/hello_world_small.o
 .debug_aranges
                0x0000000000000050       0x20 c:/intelfpga_lite/18.1/nios2eds/bin/gnu/h-x86_64-mingw32/bin/../lib/gcc/nios2-elf/5.3.0/mno-hw-mul\libgcc.a(lib2-divmod.o)
 .debug_aranges
                0x0000000000000070       0x20 ../AlarmClock_bsp/\libhal_bsp.a(alt_iic.o)
 .debug_aranges
                0x0000000000000090       0x20 ../AlarmClock_bsp/\libhal_bsp.a(alt_iic_isr_register.o)
 .debug_aranges
                0x00000000000000b0       0x30 ../AlarmClock_bsp/\libhal_bsp.a(alt_irq_entry.o)
 .debug_aranges
                0x00000000000000e0       0x20 ../AlarmClock_bsp/\libhal_bsp.a(alt_irq_handler.o)
 .debug_aranges
                0x0000000000000100       0x18 ../AlarmClock_bsp/\libhal_bsp.a(alt_irq_vars.o)
 .debug_aranges
                0x0000000000000118       0x20 ../AlarmClock_bsp/\libhal_bsp.a(alt_load.o)
 .debug_aranges
                0x0000000000000138       0x20 ../AlarmClock_bsp/\libhal_bsp.a(alt_main.o)
 .debug_aranges
                0x0000000000000158       0x20 ../AlarmClock_bsp/\libhal_bsp.a(alt_putstr.o)
 .debug_aranges
                0x0000000000000178       0x20 ../AlarmClock_bsp/\libhal_bsp.a(alt_sys_init.o)
 .debug_aranges
                0x0000000000000198       0x20 ../AlarmClock_bsp/\libhal_bsp.a(altera_avalon_jtag_uart_write.o)
 .debug_aranges
                0x00000000000001b8       0x20 ../AlarmClock_bsp/\libhal_bsp.a(alt_dcache_flush_all.o)
 .debug_aranges
                0x00000000000001d8       0x38 ../AlarmClock_bsp/\libhal_bsp.a(alt_exception_entry.o)
 .debug_aranges
                0x0000000000000210       0x20 ../AlarmClock_bsp/\libhal_bsp.a(alt_icache_flush_all.o)
 .debug_aranges
                0x0000000000000230       0x28 ../AlarmClock_bsp/\libhal_bsp.a(alt_instruction_exception_entry.o)
 .debug_aranges
                0x0000000000000258       0x20 ../AlarmClock_bsp/\libhal_bsp.a(altera_nios2_gen2_irq.o)
 .debug_aranges
                0x0000000000000278       0x20 c:/intelfpga_lite/18.1/nios2eds/bin/gnu/h-x86_64-mingw32/bin/../lib/gcc/nios2-elf/5.3.0/../../../../../H-x86_64-mingw32/nios2-elf/lib/mno-hw-mul\libsmallc.a(lib_a-strlen.o)

.debug_pubnames
 *(.debug_pubnames)

.debug_info     0x0000000000000000     0x1a26
 *(.debug_info .gnu.linkonce.wi.*)
 .debug_info    0x0000000000000000       0x80 ../AlarmClock_bsp//obj/HAL/src/crt0.o
 .debug_info    0x0000000000000080      0x1e4 obj/default/hello_world_small.o
 .debug_info    0x0000000000000264      0x2c6 c:/intelfpga_lite/18.1/nios2eds/bin/gnu/h-x86_64-mingw32/bin/../lib/gcc/nios2-elf/5.3.0/mno-hw-mul\libgcc.a(lib2-divmod.o)
 .debug_info    0x000000000000052a      0x38a ../AlarmClock_bsp/\libhal_bsp.a(alt_iic.o)
 .debug_info    0x00000000000008b4      0x232 ../AlarmClock_bsp/\libhal_bsp.a(alt_iic_isr_register.o)
 .debug_info    0x0000000000000ae6       0x89 ../AlarmClock_bsp/\libhal_bsp.a(alt_irq_entry.o)
 .debug_info    0x0000000000000b6f      0x184 ../AlarmClock_bsp/\libhal_bsp.a(alt_irq_handler.o)
 .debug_info    0x0000000000000cf3       0x88 ../AlarmClock_bsp/\libhal_bsp.a(alt_irq_vars.o)
 .debug_info    0x0000000000000d7b      0x1c9 ../AlarmClock_bsp/\libhal_bsp.a(alt_load.o)
 .debug_info    0x0000000000000f44      0x169 ../AlarmClock_bsp/\libhal_bsp.a(alt_main.o)
 .debug_info    0x00000000000010ad      0x13a ../AlarmClock_bsp/\libhal_bsp.a(alt_putstr.o)
 .debug_info    0x00000000000011e7      0x19d ../AlarmClock_bsp/\libhal_bsp.a(alt_sys_init.o)
 .debug_info    0x0000000000001384      0x197 ../AlarmClock_bsp/\libhal_bsp.a(altera_avalon_jtag_uart_write.o)
 .debug_info    0x000000000000151b       0x92 ../AlarmClock_bsp/\libhal_bsp.a(alt_dcache_flush_all.o)
 .debug_info    0x00000000000015ad       0x8f ../AlarmClock_bsp/\libhal_bsp.a(alt_exception_entry.o)
 .debug_info    0x000000000000163c       0x92 ../AlarmClock_bsp/\libhal_bsp.a(alt_icache_flush_all.o)
 .debug_info    0x00000000000016ce      0x1fd ../AlarmClock_bsp/\libhal_bsp.a(alt_instruction_exception_entry.o)
 .debug_info    0x00000000000018cb       0x92 ../AlarmClock_bsp/\libhal_bsp.a(altera_nios2_gen2_irq.o)
 .debug_info    0x000000000000195d       0xc9 c:/intelfpga_lite/18.1/nios2eds/bin/gnu/h-x86_64-mingw32/bin/../lib/gcc/nios2-elf/5.3.0/../../../../../H-x86_64-mingw32/nios2-elf/lib/mno-hw-mul\libsmallc.a(lib_a-strlen.o)

.debug_abbrev   0x0000000000000000      0xdcf
 *(.debug_abbrev)
 .debug_abbrev  0x0000000000000000       0x12 ../AlarmClock_bsp//obj/HAL/src/crt0.o
 .debug_abbrev  0x0000000000000012      0x147 obj/default/hello_world_small.o
 .debug_abbrev  0x0000000000000159      0x10e c:/intelfpga_lite/18.1/nios2eds/bin/gnu/h-x86_64-mingw32/bin/../lib/gcc/nios2-elf/5.3.0/mno-hw-mul\libgcc.a(lib2-divmod.o)
 .debug_abbrev  0x0000000000000267      0x1a0 ../AlarmClock_bsp/\libhal_bsp.a(alt_iic.o)
 .debug_abbrev  0x0000000000000407      0x19c ../AlarmClock_bsp/\libhal_bsp.a(alt_iic_isr_register.o)
 .debug_abbrev  0x00000000000005a3       0x12 ../AlarmClock_bsp/\libhal_bsp.a(alt_irq_entry.o)
 .debug_abbrev  0x00000000000005b5      0x120 ../AlarmClock_bsp/\libhal_bsp.a(alt_irq_handler.o)
 .debug_abbrev  0x00000000000006d5       0x40 ../AlarmClock_bsp/\libhal_bsp.a(alt_irq_vars.o)
 .debug_abbrev  0x0000000000000715       0xd8 ../AlarmClock_bsp/\libhal_bsp.a(alt_load.o)
 .debug_abbrev  0x00000000000007ed       0xee ../AlarmClock_bsp/\libhal_bsp.a(alt_main.o)
 .debug_abbrev  0x00000000000008db       0xd3 ../AlarmClock_bsp/\libhal_bsp.a(alt_putstr.o)
 .debug_abbrev  0x00000000000009ae      0x10e ../AlarmClock_bsp/\libhal_bsp.a(alt_sys_init.o)
 .debug_abbrev  0x0000000000000abc       0xd5 ../AlarmClock_bsp/\libhal_bsp.a(altera_avalon_jtag_uart_write.o)
 .debug_abbrev  0x0000000000000b91       0x42 ../AlarmClock_bsp/\libhal_bsp.a(alt_dcache_flush_all.o)
 .debug_abbrev  0x0000000000000bd3       0x12 ../AlarmClock_bsp/\libhal_bsp.a(alt_exception_entry.o)
 .debug_abbrev  0x0000000000000be5       0x42 ../AlarmClock_bsp/\libhal_bsp.a(alt_icache_flush_all.o)
 .debug_abbrev  0x0000000000000c27       0xe7 ../AlarmClock_bsp/\libhal_bsp.a(alt_instruction_exception_entry.o)
 .debug_abbrev  0x0000000000000d0e       0x42 ../AlarmClock_bsp/\libhal_bsp.a(altera_nios2_gen2_irq.o)
 .debug_abbrev  0x0000000000000d50       0x7f c:/intelfpga_lite/18.1/nios2eds/bin/gnu/h-x86_64-mingw32/bin/../lib/gcc/nios2-elf/5.3.0/../../../../../H-x86_64-mingw32/nios2-elf/lib/mno-hw-mul\libsmallc.a(lib_a-strlen.o)

.debug_line     0x0000000000000000      0xd33
 *(.debug_line)
 .debug_line    0x0000000000000000       0x66 ../AlarmClock_bsp//obj/HAL/src/crt0.o
 .debug_line    0x0000000000000066       0xdc obj/default/hello_world_small.o
 .debug_line    0x0000000000000142      0x105 c:/intelfpga_lite/18.1/nios2eds/bin/gnu/h-x86_64-mingw32/bin/../lib/gcc/nios2-elf/5.3.0/mno-hw-mul\libgcc.a(lib2-divmod.o)
 .debug_line    0x0000000000000247       0xf1 ../AlarmClock_bsp/\libhal_bsp.a(alt_iic.o)
 .debug_line    0x0000000000000338       0xd6 ../AlarmClock_bsp/\libhal_bsp.a(alt_iic_isr_register.o)
 .debug_line    0x000000000000040e       0x6b ../AlarmClock_bsp/\libhal_bsp.a(alt_irq_entry.o)
 .debug_line    0x0000000000000479       0xa5 ../AlarmClock_bsp/\libhal_bsp.a(alt_irq_handler.o)
 .debug_line    0x000000000000051e       0x50 ../AlarmClock_bsp/\libhal_bsp.a(alt_irq_vars.o)
 .debug_line    0x000000000000056e       0xa4 ../AlarmClock_bsp/\libhal_bsp.a(alt_load.o)
 .debug_line    0x0000000000000612       0xbd ../AlarmClock_bsp/\libhal_bsp.a(alt_main.o)
 .debug_line    0x00000000000006cf       0xa0 ../AlarmClock_bsp/\libhal_bsp.a(alt_putstr.o)
 .debug_line    0x000000000000076f      0x11a ../AlarmClock_bsp/\libhal_bsp.a(alt_sys_init.o)
 .debug_line    0x0000000000000889       0xf0 ../AlarmClock_bsp/\libhal_bsp.a(altera_avalon_jtag_uart_write.o)
 .debug_line    0x0000000000000979       0x4e ../AlarmClock_bsp/\libhal_bsp.a(alt_dcache_flush_all.o)
 .debug_line    0x00000000000009c7       0xb3 ../AlarmClock_bsp/\libhal_bsp.a(alt_exception_entry.o)
 .debug_line    0x0000000000000a7a       0x4e ../AlarmClock_bsp/\libhal_bsp.a(alt_icache_flush_all.o)
 .debug_line    0x0000000000000ac8       0xbf ../AlarmClock_bsp/\libhal_bsp.a(alt_instruction_exception_entry.o)
 .debug_line    0x0000000000000b87       0x50 ../AlarmClock_bsp/\libhal_bsp.a(altera_nios2_gen2_irq.o)
 .debug_line    0x0000000000000bd7      0x15c c:/intelfpga_lite/18.1/nios2eds/bin/gnu/h-x86_64-mingw32/bin/../lib/gcc/nios2-elf/5.3.0/../../../../../H-x86_64-mingw32/nios2-elf/lib/mno-hw-mul\libsmallc.a(lib_a-strlen.o)

.debug_frame    0x0000000000000000      0x310
 *(.debug_frame)
 .debug_frame   0x0000000000000000       0x74 obj/default/hello_world_small.o
 .debug_frame   0x0000000000000074       0x50 c:/intelfpga_lite/18.1/nios2eds/bin/gnu/h-x86_64-mingw32/bin/../lib/gcc/nios2-elf/5.3.0/mno-hw-mul\libgcc.a(lib2-divmod.o)
 .debug_frame   0x00000000000000c4       0x50 ../AlarmClock_bsp/\libhal_bsp.a(alt_iic.o)
 .debug_frame   0x0000000000000114       0x30 ../AlarmClock_bsp/\libhal_bsp.a(alt_iic_isr_register.o)
 .debug_frame   0x0000000000000144       0x34 ../AlarmClock_bsp/\libhal_bsp.a(alt_irq_handler.o)
 .debug_frame   0x0000000000000178       0x30 ../AlarmClock_bsp/\libhal_bsp.a(alt_load.o)
 .debug_frame   0x00000000000001a8       0x2c ../AlarmClock_bsp/\libhal_bsp.a(alt_main.o)
 .debug_frame   0x00000000000001d4       0x30 ../AlarmClock_bsp/\libhal_bsp.a(alt_putstr.o)
 .debug_frame   0x0000000000000204       0x3c ../AlarmClock_bsp/\libhal_bsp.a(alt_sys_init.o)
 .debug_frame   0x0000000000000240       0x20 ../AlarmClock_bsp/\libhal_bsp.a(altera_avalon_jtag_uart_write.o)
 .debug_frame   0x0000000000000260       0x20 ../AlarmClock_bsp/\libhal_bsp.a(alt_dcache_flush_all.o)
 .debug_frame   0x0000000000000280       0x20 ../AlarmClock_bsp/\libhal_bsp.a(alt_icache_flush_all.o)
 .debug_frame   0x00000000000002a0       0x30 ../AlarmClock_bsp/\libhal_bsp.a(alt_instruction_exception_entry.o)
 .debug_frame   0x00000000000002d0       0x20 ../AlarmClock_bsp/\libhal_bsp.a(altera_nios2_gen2_irq.o)
 .debug_frame   0x00000000000002f0       0x20 c:/intelfpga_lite/18.1/nios2eds/bin/gnu/h-x86_64-mingw32/bin/../lib/gcc/nios2-elf/5.3.0/../../../../../H-x86_64-mingw32/nios2-elf/lib/mno-hw-mul\libsmallc.a(lib_a-strlen.o)

.debug_str      0x0000000000000000      0xdec
 *(.debug_str)
 .debug_str     0x0000000000000000      0x180 obj/default/hello_world_small.o
                                        0x1c6 (size before relaxing)
 .debug_str     0x0000000000000180      0x187 c:/intelfpga_lite/18.1/nios2eds/bin/gnu/h-x86_64-mingw32/bin/../lib/gcc/nios2-elf/5.3.0/mno-hw-mul\libgcc.a(lib2-divmod.o)
                                        0x1d2 (size before relaxing)
 .debug_str     0x0000000000000307      0x14e ../AlarmClock_bsp/\libhal_bsp.a(alt_iic.o)
                                        0x265 (size before relaxing)
 .debug_str     0x0000000000000455       0x37 ../AlarmClock_bsp/\libhal_bsp.a(alt_iic_isr_register.o)
                                        0x21f (size before relaxing)
 .debug_str     0x000000000000048c       0x3a ../AlarmClock_bsp/\libhal_bsp.a(alt_irq_handler.o)
                                        0x1a9 (size before relaxing)
 .debug_str     0x00000000000004c6       0x17 ../AlarmClock_bsp/\libhal_bsp.a(alt_irq_vars.o)
                                        0x14c (size before relaxing)
 .debug_str     0x00000000000004dd      0x113 ../AlarmClock_bsp/\libhal_bsp.a(alt_load.o)
                                        0x24e (size before relaxing)
 .debug_str     0x00000000000005f0       0x8f ../AlarmClock_bsp/\libhal_bsp.a(alt_main.o)
                                        0x1c7 (size before relaxing)
 .debug_str     0x000000000000067f       0x5f ../AlarmClock_bsp/\libhal_bsp.a(alt_putstr.o)
                                        0x19d (size before relaxing)
 .debug_str     0x00000000000006de       0xb9 ../AlarmClock_bsp/\libhal_bsp.a(alt_sys_init.o)
                                        0x269 (size before relaxing)
 .debug_str     0x0000000000000797       0x32 ../AlarmClock_bsp/\libhal_bsp.a(altera_avalon_jtag_uart_write.o)
                                        0x227 (size before relaxing)
 .debug_str     0x00000000000007c9       0x1f ../AlarmClock_bsp/\libhal_bsp.a(alt_dcache_flush_all.o)
                                        0x167 (size before relaxing)
 .debug_str     0x00000000000007e8       0x1f ../AlarmClock_bsp/\libhal_bsp.a(alt_icache_flush_all.o)
                                        0x167 (size before relaxing)
 .debug_str     0x0000000000000807      0x48b ../AlarmClock_bsp/\libhal_bsp.a(alt_instruction_exception_entry.o)
                                        0x5b2 (size before relaxing)
 .debug_str     0x0000000000000c92       0x20 ../AlarmClock_bsp/\libhal_bsp.a(altera_nios2_gen2_irq.o)
                                        0x16e (size before relaxing)
 .debug_str     0x0000000000000cb2      0x13a c:/intelfpga_lite/18.1/nios2eds/bin/gnu/h-x86_64-mingw32/bin/../lib/gcc/nios2-elf/5.3.0/../../../../../H-x86_64-mingw32/nios2-elf/lib/mno-hw-mul\libsmallc.a(lib_a-strlen.o)
                                        0x1e5 (size before relaxing)

.debug_loc      0x0000000000000000      0xa0c
 *(.debug_loc)
 .debug_loc     0x0000000000000000       0x63 obj/default/hello_world_small.o
 .debug_loc     0x0000000000000063      0x4ce c:/intelfpga_lite/18.1/nios2eds/bin/gnu/h-x86_64-mingw32/bin/../lib/gcc/nios2-elf/5.3.0/mno-hw-mul\libgcc.a(lib2-divmod.o)
 .debug_loc     0x0000000000000531      0x170 ../AlarmClock_bsp/\libhal_bsp.a(alt_iic.o)
 .debug_loc     0x00000000000006a1      0x193 ../AlarmClock_bsp/\libhal_bsp.a(alt_iic_isr_register.o)
 .debug_loc     0x0000000000000834       0x72 ../AlarmClock_bsp/\libhal_bsp.a(alt_irq_handler.o)
 .debug_loc     0x00000000000008a6       0x37 ../AlarmClock_bsp/\libhal_bsp.a(alt_putstr.o)
 .debug_loc     0x00000000000008dd       0x21 ../AlarmClock_bsp/\libhal_bsp.a(alt_sys_init.o)
 .debug_loc     0x00000000000008fe       0x8b ../AlarmClock_bsp/\libhal_bsp.a(altera_avalon_jtag_uart_write.o)
 .debug_loc     0x0000000000000989       0x65 ../AlarmClock_bsp/\libhal_bsp.a(alt_instruction_exception_entry.o)
 .debug_loc     0x00000000000009ee       0x1e c:/intelfpga_lite/18.1/nios2eds/bin/gnu/h-x86_64-mingw32/bin/../lib/gcc/nios2-elf/5.3.0/../../../../../H-x86_64-mingw32/nios2-elf/lib/mno-hw-mul\libsmallc.a(lib_a-strlen.o)

.debug_macinfo
 *(.debug_macinfo)

.debug_weaknames
 *(.debug_weaknames)

.debug_funcnames
 *(.debug_funcnames)

.debug_typenames
 *(.debug_typenames)

.debug_varnames
 *(.debug_varnames)

.debug_alt_sim_info
                0x0000000000000000       0x10
 *(.debug_alt_sim_info)
 .debug_alt_sim_info
                0x0000000000000000       0x10 ../AlarmClock_bsp//obj/HAL/src/crt0.o
                0x0000000000002000                __alt_data_end = 0x2000
                0x0000000000002000                PROVIDE (__alt_stack_pointer, __alt_data_end)
                [!provide]                        PROVIDE (__alt_stack_limit, __alt_stack_base)
                [!provide]                        PROVIDE (__alt_heap_start, end)
                [!provide]                        PROVIDE (__alt_heap_limit, 0x2000)
OUTPUT(AlarmClock.elf elf32-littlenios2)

.debug_ranges   0x0000000000000000      0x170
 .debug_ranges  0x0000000000000000       0x20 ../AlarmClock_bsp//obj/HAL/src/crt0.o
 .debug_ranges  0x0000000000000020       0x18 obj/default/hello_world_small.o
 .debug_ranges  0x0000000000000038       0x60 c:/intelfpga_lite/18.1/nios2eds/bin/gnu/h-x86_64-mingw32/bin/../lib/gcc/nios2-elf/5.3.0/mno-hw-mul\libgcc.a(lib2-divmod.o)
 .debug_ranges  0x0000000000000098       0x28 ../AlarmClock_bsp/\libhal_bsp.a(alt_irq_entry.o)
 .debug_ranges  0x00000000000000c0       0x10 ../AlarmClock_bsp/\libhal_bsp.a(alt_irq_handler.o)
 .debug_ranges  0x00000000000000d0       0x48 ../AlarmClock_bsp/\libhal_bsp.a(alt_load.o)
 .debug_ranges  0x0000000000000118       0x30 ../AlarmClock_bsp/\libhal_bsp.a(alt_exception_entry.o)
 .debug_ranges  0x0000000000000148       0x18 ../AlarmClock_bsp/\libhal_bsp.a(alt_instruction_exception_entry.o)
 .debug_ranges  0x0000000000000160       0x10 c:/intelfpga_lite/18.1/nios2eds/bin/gnu/h-x86_64-mingw32/bin/../lib/gcc/nios2-elf/5.3.0/../../../../../H-x86_64-mingw32/nios2-elf/lib/mno-hw-mul\libsmallc.a(lib_a-strlen.o)
