Archive member included to satisfy reference by file (symbol)

c:/intelfpga_lite/18.1/nios2eds/bin/gnu/h-x86_64-mingw32/bin/../lib/gcc/nios2-elf/5.3.0/mno-hw-mul\libgcc.a(lib2-divmod.o)
                              obj/default/hello_world_small.o (__divsi3)
c:/intelfpga_lite/18.1/nios2eds/bin/gnu/h-x86_64-mingw32/bin/../lib/gcc/nios2-elf/5.3.0/mno-hw-mul\libgcc.a(lib2-mul.o)
                              obj/default/hello_world_small.o (__mulsi3)
../AlarmClock_bsp/\libhal_bsp.a(alt_iic.o)
                              obj/default/hello_world_small.o (alt_ic_isr_register)
../AlarmClock_bsp/\libhal_bsp.a(alt_iic_isr_register.o)
                              ../AlarmClock_bsp/\libhal_bsp.a(alt_iic.o) (alt_iic_isr_register)
../AlarmClock_bsp/\libhal_bsp.a(alt_irq_entry.o)
                              ../AlarmClock_bsp/\libhal_bsp.a(alt_iic_isr_register.o) (alt_irq_entry)
../AlarmClock_bsp/\libhal_bsp.a(alt_irq_handler.o)
                              ../AlarmClock_bsp/\libhal_bsp.a(alt_iic_isr_register.o) (alt_irq_handler)
../AlarmClock_bsp/\libhal_bsp.a(alt_irq_vars.o)
                              ../AlarmClock_bsp/\libhal_bsp.a(alt_iic.o) (alt_irq_active)
../AlarmClock_bsp/\libhal_bsp.a(alt_load.o)
                              ../AlarmClock_bsp//obj/HAL/src/crt0.o (alt_load)
../AlarmClock_bsp/\libhal_bsp.a(alt_main.o)
                              ../AlarmClock_bsp//obj/HAL/src/crt0.o (alt_main)
../AlarmClock_bsp/\libhal_bsp.a(alt_putstr.o)
                              obj/default/hello_world_small.o (alt_putstr)
../AlarmClock_bsp/\libhal_bsp.a(alt_sys_init.o)
                              ../AlarmClock_bsp/\libhal_bsp.a(alt_main.o) (alt_irq_init)
../AlarmClock_bsp/\libhal_bsp.a(altera_avalon_jtag_uart_write.o)
                              ../AlarmClock_bsp/\libhal_bsp.a(alt_putstr.o) (altera_avalon_jtag_uart_write)
../AlarmClock_bsp/\libhal_bsp.a(alt_dcache_flush_all.o)
                              ../AlarmClock_bsp/\libhal_bsp.a(alt_load.o) (alt_dcache_flush_all)
../AlarmClock_bsp/\libhal_bsp.a(alt_exception_entry.o)
                              ../AlarmClock_bsp/\libhal_bsp.a(alt_irq_entry.o) (alt_exception)
../AlarmClock_bsp/\libhal_bsp.a(alt_icache_flush_all.o)
                              ../AlarmClock_bsp/\libhal_bsp.a(alt_load.o) (alt_icache_flush_all)
../AlarmClock_bsp/\libhal_bsp.a(alt_instruction_exception_entry.o)
                              ../AlarmClock_bsp/\libhal_bsp.a(alt_exception_entry.o) (alt_instruction_exception_entry)
../AlarmClock_bsp/\libhal_bsp.a(altera_nios2_gen2_irq.o)
                              ../AlarmClock_bsp/\libhal_bsp.a(alt_sys_init.o) (altera_nios2_gen2_irq_init)
c:/intelfpga_lite/18.1/nios2eds/bin/gnu/h-x86_64-mingw32/bin/../lib/gcc/nios2-elf/5.3.0/../../../../../H-x86_64-mingw32/nios2-elf/lib/mno-hw-mul\libsmallc.a(lib_a-strlen.o)
                              ../AlarmClock_bsp/\libhal_bsp.a(alt_putstr.o) (strlen)

Allocating common symbols
Common symbol       size              file

alt_irq             0x100             ../AlarmClock_bsp/\libhal_bsp.a(alt_irq_handler.o)

Memory Configuration

Name             Origin             Length             Attributes
reset            0x0000000000001000 0x0000000000000020
RAM              0x0000000000001020 0x0000000000000fe0
*default*        0x0000000000000000 0xffffffffffffffff

Linker script and memory map

LOAD ../AlarmClock_bsp//obj/HAL/src/crt0.o
LOAD obj/default/hello_world_small.o
LOAD c:/intelfpga_lite/18.1/nios2eds/bin/gnu/h-x86_64-mingw32/bin/../lib/gcc/nios2-elf/5.3.0/../../../../../H-x86_64-mingw32/nios2-elf/lib/mno-hw-mul\libstdc++.a
LOAD c:/intelfpga_lite/18.1/nios2eds/bin/gnu/h-x86_64-mingw32/bin/../lib/gcc/nios2-elf/5.3.0/../../../../../H-x86_64-mingw32/nios2-elf/lib/mno-hw-mul\libm.a
LOAD c:/intelfpga_lite/18.1/nios2eds/bin/gnu/h-x86_64-mingw32/bin/../lib/gcc/nios2-elf/5.3.0/mno-hw-mul\libgcc.a
START GROUP
LOAD c:/intelfpga_lite/18.1/nios2eds/bin/gnu/h-x86_64-mingw32/bin/../lib/gcc/nios2-elf/5.3.0/../../../../../H-x86_64-mingw32/nios2-elf/lib/mno-hw-mul\libsmallc.a
LOAD c:/intelfpga_lite/18.1/nios2eds/bin/gnu/h-x86_64-mingw32/bin/../lib/gcc/nios2-elf/5.3.0/mno-hw-mul\libgcc.a
LOAD ../AlarmClock_bsp/\libhal_bsp.a
LOAD c:/intelfpga_lite/18.1/nios2eds/bin/gnu/h-x86_64-mingw32/bin/../lib/gcc/nios2-elf/5.3.0/../../../../../H-x86_64-mingw32/nios2-elf/lib/mno-hw-mul\libm.a
END GROUP
LOAD c:/intelfpga_lite/18.1/nios2eds/bin/gnu/h-x86_64-mingw32/bin/../lib/gcc/nios2-elf/5.3.0/mno-hw-mul\libgcc.a
                0x0000000000001000                __alt_mem_RAM = 0x1000

.entry          0x0000000000001000       0x20
 *(.entry)
 .entry         0x0000000000001000       0x20 ../AlarmClock_bsp//obj/HAL/src/crt0.o
                0x0000000000001000                __reset
                0x000000000000100c                _exit

.exceptions     0x0000000000001020      0x160
                0x0000000000001020                PROVIDE (__ram_exceptions_start, ABSOLUTE (.))
                0x0000000000001020                . = ALIGN (0x20)
 *(.irq)
 *(.exceptions.entry.label)
 .exceptions.entry.label
                0x0000000000001020        0x0 ../AlarmClock_bsp/\libhal_bsp.a(alt_irq_entry.o)
                0x0000000000001020                alt_irq_entry
 .exceptions.entry.label
                0x0000000000001020        0x0 ../AlarmClock_bsp/\libhal_bsp.a(alt_exception_entry.o)
                0x0000000000001020                alt_exception
 *(.exceptions.entry.user)
 *(.exceptions.entry.ecc_fatal)
 *(.exceptions.entry)
 .exceptions.entry
                0x0000000000001020       0x54 ../AlarmClock_bsp/\libhal_bsp.a(alt_exception_entry.o)
 *(.exceptions.irqtest.user)
 *(.exceptions.irqtest)
 .exceptions.irqtest
                0x0000000000001074       0x10 ../AlarmClock_bsp/\libhal_bsp.a(alt_irq_entry.o)
 *(.exceptions.irqhandler.user)
 *(.exceptions.irqhandler)
 .exceptions.irqhandler
                0x0000000000001084        0x4 ../AlarmClock_bsp/\libhal_bsp.a(alt_irq_entry.o)
 *(.exceptions.irqreturn.user)
 *(.exceptions.irqreturn)
 .exceptions.irqreturn
                0x0000000000001088        0x4 ../AlarmClock_bsp/\libhal_bsp.a(alt_irq_entry.o)
 *(.exceptions.notirq.label)
 .exceptions.notirq.label
                0x000000000000108c        0x0 ../AlarmClock_bsp/\libhal_bsp.a(alt_irq_entry.o)
 *(.exceptions.notirq.user)
 *(.exceptions.notirq)
 .exceptions.notirq
                0x000000000000108c        0x8 ../AlarmClock_bsp/\libhal_bsp.a(alt_exception_entry.o)
 *(.exceptions.soft.user)
 *(.exceptions.soft)
 *(.exceptions.unknown.user)
 *(.exceptions.unknown)
 .exceptions.unknown
                0x0000000000001094       0x14 ../AlarmClock_bsp/\libhal_bsp.a(alt_exception_entry.o)
 *(.exceptions.exit.label)
 .exceptions.exit.label
                0x00000000000010a8        0x0 ../AlarmClock_bsp/\libhal_bsp.a(alt_irq_entry.o)
 .exceptions.exit.label
                0x00000000000010a8        0x0 ../AlarmClock_bsp/\libhal_bsp.a(alt_exception_entry.o)
 *(.exceptions.exit.user)
 *(.exceptions.exit)
 .exceptions.exit
                0x00000000000010a8       0x54 ../AlarmClock_bsp/\libhal_bsp.a(alt_exception_entry.o)
 *(.exceptions)
 .exceptions    0x00000000000010fc       0x60 ../AlarmClock_bsp/\libhal_bsp.a(alt_irq_handler.o)
                0x00000000000010fc                alt_irq_handler
 .exceptions    0x000000000000115c       0x24 ../AlarmClock_bsp/\libhal_bsp.a(alt_instruction_exception_entry.o)
                0x000000000000115c                alt_instruction_exception_entry
                0x0000000000001180                PROVIDE (__ram_exceptions_end, ABSOLUTE (.))
                0x0000000000001020                PROVIDE (__flash_exceptions_start, LOADADDR (.exceptions))

.text           0x0000000000001180      0xc8c
                [!provide]                        PROVIDE (stext, ABSOLUTE (.))
 *(.interp)
 *(.hash)
 *(.dynsym)
 *(.dynstr)
 *(.gnu.version)
 *(.gnu.version_d)
 *(.gnu.version_r)
 *(.rel.init)
 *(.rela.init)
 *(.rel.text .rel.text.* .rel.gnu.linkonce.t.*)
 *(.rela.text .rela.text.* .rela.gnu.linkonce.t.*)
 *(.rel.fini)
 *(.rela.fini)
 *(.rel.rodata .rel.rodata.* .rel.gnu.linkonce.r.*)
 *(.rela.rodata .rela.rodata.* .rela.gnu.linkonce.r.*)
 *(.rel.data .rel.data.* .rel.gnu.linkonce.d.*)
 *(.rela.data .rela.data.* .rela.gnu.linkonce.d.*)
 *(.rel.tdata .rel.tdata.* .rel.gnu.linkonce.td.*)
 *(.rela.tdata .rela.tdata.* .rela.gnu.linkonce.td.*)
 *(.rel.tbss .rel.tbss.* .rel.gnu.linkonce.tb.*)
 *(.rela.tbss .rela.tbss.* .rela.gnu.linkonce.tb.*)
 *(.rel.ctors)
 *(.rela.ctors)
 *(.rel.dtors)
 *(.rela.dtors)
 *(.rel.got)
 *(.rela.got)
 *(.rel.sdata .rel.sdata.* .rel.gnu.linkonce.s.*)
 *(.rela.sdata .rela.sdata.* .rela.gnu.linkonce.s.*)
 *(.rel.sbss .rel.sbss.* .rel.gnu.linkonce.sb.*)
 *(.rela.sbss .rela.sbss.* .rela.gnu.linkonce.sb.*)
 *(.rel.sdata2 .rel.sdata2.* .rel.gnu.linkonce.s2.*)
 *(.rela.sdata2 .rela.sdata2.* .rela.gnu.linkonce.s2.*)
 *(.rel.sbss2 .rel.sbss2.* .rel.gnu.linkonce.sb2.*)
 *(.rela.sbss2 .rela.sbss2.* .rela.gnu.linkonce.sb2.*)
 *(.rel.bss .rel.bss.* .rel.gnu.linkonce.b.*)
 *(.rela.bss .rela.bss.* .rela.gnu.linkonce.b.*)
 *(.rel.plt)
 *(.rela.plt)
 *(.rel.dyn)
 *(.init)
 *(.plt)
 *(.text .stub .text.* .gnu.linkonce.t.*)
 .text          0x0000000000001180       0x3c ../AlarmClock_bsp//obj/HAL/src/crt0.o
                0x0000000000001180                _start
 .text          0x00000000000011bc      0x71c obj/default/hello_world_small.o
                0x00000000000011bc                get_led_value
                0x00000000000011e8                initTimerInterrupt
                0x0000000000001224                initInputTimerInterrupt
                0x0000000000001260                displayTime
                0x0000000000001374                switch0
                0x0000000000001384                switch1
                0x0000000000001398                alarmOn
                0x00000000000013ac                increaseTimeBtn
                0x00000000000013c0                checkSelect
                0x00000000000013fc                getHour
                0x000000000000141c                getMinutes
                0x0000000000001448                getSeconds
                0x0000000000001468                increaseHour
                0x00000000000014d8                increaseMinutes
                0x00000000000015b0                increaseSeconds
                0x0000000000001688                normalMode
                0x0000000000001770                configMode
                0x00000000000017e0                blinking
                0x0000000000001850                clkController
 .text.startup  0x00000000000018d8       0x28 obj/default/hello_world_small.o
                0x00000000000018d8                main
 .text          0x0000000000001900      0x1b4 c:/intelfpga_lite/18.1/nios2eds/bin/gnu/h-x86_64-mingw32/bin/../lib/gcc/nios2-elf/5.3.0/mno-hw-mul\libgcc.a(lib2-divmod.o)
                0x0000000000001900                __divsi3
                0x0000000000001984                __modsi3
                0x00000000000019f8                __udivsi3
                0x0000000000001a5c                __umodsi3
 .text          0x0000000000001ab4       0x28 c:/intelfpga_lite/18.1/nios2eds/bin/gnu/h-x86_64-mingw32/bin/../lib/gcc/nios2-elf/5.3.0/mno-hw-mul\libgcc.a(lib2-mul.o)
                0x0000000000001ab4                __mulsi3
 .text          0x0000000000001adc       0x8c ../AlarmClock_bsp/\libhal_bsp.a(alt_iic.o)
                0x0000000000001adc                alt_ic_isr_register
                0x0000000000001ae0                alt_ic_irq_enable
                0x0000000000001b18                alt_ic_irq_disable
                0x0000000000001b50                alt_ic_irq_enabled
 .text          0x0000000000001b68       0x68 ../AlarmClock_bsp/\libhal_bsp.a(alt_iic_isr_register.o)
                0x0000000000001b68                alt_iic_isr_register
 .text          0x0000000000001bd0        0x0 ../AlarmClock_bsp/\libhal_bsp.a(alt_irq_entry.o)
 .text          0x0000000000001bd0        0x0 ../AlarmClock_bsp/\libhal_bsp.a(alt_irq_handler.o)
 .text          0x0000000000001bd0        0x0 ../AlarmClock_bsp/\libhal_bsp.a(alt_irq_vars.o)
 .text          0x0000000000001bd0       0xe0 ../AlarmClock_bsp/\libhal_bsp.a(alt_load.o)
                0x0000000000001bd0                alt_load
 .text          0x0000000000001cb0       0x2c ../AlarmClock_bsp/\libhal_bsp.a(alt_main.o)
                0x0000000000001cb0                alt_main
 .text          0x0000000000001cdc       0x38 ../AlarmClock_bsp/\libhal_bsp.a(alt_putstr.o)
                0x0000000000001cdc                alt_putstr
 .text          0x0000000000001d14       0x24 ../AlarmClock_bsp/\libhal_bsp.a(alt_sys_init.o)
                0x0000000000001d14                alt_irq_init
                0x0000000000001d34                alt_sys_init
 .text          0x0000000000001d38       0x34 ../AlarmClock_bsp/\libhal_bsp.a(altera_avalon_jtag_uart_write.o)
                0x0000000000001d38                altera_avalon_jtag_uart_write
 .text          0x0000000000001d6c        0x4 ../AlarmClock_bsp/\libhal_bsp.a(alt_dcache_flush_all.o)
                0x0000000000001d6c                alt_dcache_flush_all
 .text          0x0000000000001d70        0x0 ../AlarmClock_bsp/\libhal_bsp.a(alt_exception_entry.o)
 .text          0x0000000000001d70        0x4 ../AlarmClock_bsp/\libhal_bsp.a(alt_icache_flush_all.o)
                0x0000000000001d70                alt_icache_flush_all
 .text          0x0000000000001d74       0x74 ../AlarmClock_bsp/\libhal_bsp.a(alt_instruction_exception_entry.o)
                0x0000000000001d74                alt_exception_cause_generated_bad_addr
 .text          0x0000000000001de8        0x8 ../AlarmClock_bsp/\libhal_bsp.a(altera_nios2_gen2_irq.o)
                0x0000000000001de8                altera_nios2_gen2_irq_init
 .text          0x0000000000001df0        0x0 c:/intelfpga_lite/18.1/nios2eds/bin/gnu/h-x86_64-mingw32/bin/../lib/gcc/nios2-elf/5.3.0/../../../../../H-x86_64-mingw32/nios2-elf/lib/mno-hw-mul\libsmallc.a(lib_a-strlen.o)
 .text.strlen   0x0000000000001df0       0x1c c:/intelfpga_lite/18.1/nios2eds/bin/gnu/h-x86_64-mingw32/bin/../lib/gcc/nios2-elf/5.3.0/../../../../../H-x86_64-mingw32/nios2-elf/lib/mno-hw-mul\libsmallc.a(lib_a-strlen.o)
                0x0000000000001df0                strlen
 *(.gnu.warning.*)
 *(.fini)
                [!provide]                        PROVIDE (__etext, ABSOLUTE (.))
                [!provide]                        PROVIDE (_etext, ABSOLUTE (.))
                [!provide]                        PROVIDE (etext, ABSOLUTE (.))
 *(.eh_frame_hdr)
                0x0000000000001e0c                . = ALIGN (0x4)
                [!provide]                        PROVIDE (__preinit_array_start, ABSOLUTE (.))
 *(.preinit_array)
                [!provide]                        PROVIDE (__preinit_array_end, ABSOLUTE (.))
                [!provide]                        PROVIDE (__init_array_start, ABSOLUTE (.))
 *(.init_array)
                [!provide]                        PROVIDE (__init_array_end, ABSOLUTE (.))
                [!provide]                        PROVIDE (__fini_array_start, ABSOLUTE (.))
 *(.fini_array)
                [!provide]                        PROVIDE (__fini_array_end, ABSOLUTE (.))
 *(.eh_frame)
 *(.gcc_except_table .gcc_except_table.*)
 *(.dynamic)
                [!provide]                        PROVIDE (__CTOR_LIST__, ABSOLUTE (.))
 *(.ctors)
 *(SORT(.ctors.*))
                [!provide]                        PROVIDE (__CTOR_END__, ABSOLUTE (.))
                [!provide]                        PROVIDE (__DTOR_LIST__, ABSOLUTE (.))
 *(.dtors)
 *(SORT(.dtors.*))
                [!provide]                        PROVIDE (__DTOR_END__, ABSOLUTE (.))
 *(.jcr)
                0x0000000000001e0c                . = ALIGN (0x4)

.rodata         0x0000000000001e0c       0x30
                0x0000000000001e0c                PROVIDE (__ram_rodata_start, ABSOLUTE (.))
                0x0000000000001e0c                . = ALIGN (0x4)
 *(.rodata .rodata.* .gnu.linkonce.r.*)
 .rodata.str1.4
                0x0000000000001e0c       0x24 obj/default/hello_world_small.o
                                         0x23 (size before relaxing)
 .rodata        0x0000000000001e30        0xa obj/default/hello_world_small.o
 *(.rodata1)
                0x0000000000001e3c                . = ALIGN (0x4)
 *fill*         0x0000000000001e3a        0x2 
                0x0000000000001e3c                PROVIDE (__ram_rodata_end, ABSOLUTE (.))
                0x0000000000001e0c                PROVIDE (__flash_rodata_start, LOADADDR (.rodata))

.rwdata         0x0000000000001e3c       0x2c load address 0x0000000000001e68
                0x0000000000001e3c                PROVIDE (__ram_rwdata_start, ABSOLUTE (.))
                0x0000000000001e3c                . = ALIGN (0x4)
 *(.got.plt)
 *(.got)
 *(.data1)
 *(.data .data.* .gnu.linkonce.d.*)
 .data          0x0000000000001e3c        0x0 ../AlarmClock_bsp//obj/HAL/src/crt0.o
 .data          0x0000000000001e3c        0x0 obj/default/hello_world_small.o
 .data          0x0000000000001e3c        0x0 c:/intelfpga_lite/18.1/nios2eds/bin/gnu/h-x86_64-mingw32/bin/../lib/gcc/nios2-elf/5.3.0/mno-hw-mul\libgcc.a(lib2-divmod.o)
 .data          0x0000000000001e3c        0x0 c:/intelfpga_lite/18.1/nios2eds/bin/gnu/h-x86_64-mingw32/bin/../lib/gcc/nios2-elf/5.3.0/mno-hw-mul\libgcc.a(lib2-mul.o)
 .data          0x0000000000001e3c        0x0 ../AlarmClock_bsp/\libhal_bsp.a(alt_iic.o)
 .data          0x0000000000001e3c        0x0 ../AlarmClock_bsp/\libhal_bsp.a(alt_iic_isr_register.o)
 .data          0x0000000000001e3c        0x0 ../AlarmClock_bsp/\libhal_bsp.a(alt_irq_entry.o)
 .data          0x0000000000001e3c        0x0 ../AlarmClock_bsp/\libhal_bsp.a(alt_irq_handler.o)
 .data          0x0000000000001e3c        0x0 ../AlarmClock_bsp/\libhal_bsp.a(alt_irq_vars.o)
 .data          0x0000000000001e3c        0x0 ../AlarmClock_bsp/\libhal_bsp.a(alt_load.o)
 .data          0x0000000000001e3c        0x0 ../AlarmClock_bsp/\libhal_bsp.a(alt_main.o)
 .data          0x0000000000001e3c        0x0 ../AlarmClock_bsp/\libhal_bsp.a(alt_putstr.o)
 .data          0x0000000000001e3c        0x0 ../AlarmClock_bsp/\libhal_bsp.a(alt_sys_init.o)
 .data          0x0000000000001e3c        0x0 ../AlarmClock_bsp/\libhal_bsp.a(altera_avalon_jtag_uart_write.o)
 .data          0x0000000000001e3c        0x0 ../AlarmClock_bsp/\libhal_bsp.a(alt_dcache_flush_all.o)
 .data          0x0000000000001e3c        0x0 ../AlarmClock_bsp/\libhal_bsp.a(alt_exception_entry.o)
 .data          0x0000000000001e3c        0x0 ../AlarmClock_bsp/\libhal_bsp.a(alt_icache_flush_all.o)
 .data          0x0000000000001e3c        0x0 ../AlarmClock_bsp/\libhal_bsp.a(alt_instruction_exception_entry.o)
 .data          0x0000000000001e3c        0x0 ../AlarmClock_bsp/\libhal_bsp.a(altera_nios2_gen2_irq.o)
 .data          0x0000000000001e3c        0x0 c:/intelfpga_lite/18.1/nios2eds/bin/gnu/h-x86_64-mingw32/bin/../lib/gcc/nios2-elf/5.3.0/../../../../../H-x86_64-mingw32/nios2-elf/lib/mno-hw-mul\libsmallc.a(lib_a-strlen.o)
                0x0000000000009e3c                _gp = ABSOLUTE ((. + 0x8000))
                [!provide]                        PROVIDE (gp, _gp)
 *(.rwdata .rwdata.*)
 *(.sdata .sdata.* .gnu.linkonce.s.*)
 .sdata         0x0000000000001e3c       0x24 obj/default/hello_world_small.o
                0x0000000000001e3c                buzzer
                0x0000000000001e40                btn_state
                0x0000000000001e44                sw_state
                0x0000000000001e48                led_hour_tens
                0x0000000000001e4c                led_hour_units
                0x0000000000001e50                led_minutes_tens
                0x0000000000001e54                led_minutes_units
                0x0000000000001e58                led_seconds_tens
                0x0000000000001e5c                led_seconds_units
 .sdata         0x0000000000001e60        0x4 ../AlarmClock_bsp/\libhal_bsp.a(alt_irq_vars.o)
                0x0000000000001e60                alt_priority_mask
 .sdata         0x0000000000001e64        0x4 ../AlarmClock_bsp/\libhal_bsp.a(alt_sys_init.o)
                0x0000000000001e64                JTAG
 *(.sdata2 .sdata2.* .gnu.linkonce.s2.*)
                0x0000000000001e68                . = ALIGN (0x4)
                0x0000000000001e68                _edata = ABSOLUTE (.)
                [!provide]                        PROVIDE (edata, ABSOLUTE (.))
                0x0000000000001e68                PROVIDE (__ram_rwdata_end, ABSOLUTE (.))
                0x0000000000001e68                PROVIDE (__flash_rwdata_start, LOADADDR (.rwdata))

.bss            0x0000000000001e94      0x120
                0x0000000000001e94                __bss_start = ABSOLUTE (.)
                [!provide]                        PROVIDE (__sbss_start, ABSOLUTE (.))
                [!provide]                        PROVIDE (___sbss_start, ABSOLUTE (.))
 *(.dynsbss)
 *(.sbss .sbss.* .gnu.linkonce.sb.*)
 .sbss          0x0000000000001e94        0xc obj/default/hello_world_small.o
                0x0000000000001e94                blinkOn
                0x0000000000001e95                ringing
                0x0000000000001e96                select
                0x0000000000001e98                alarmTime
                0x0000000000001e9c                clkTime
 .sbss          0x0000000000001ea0        0x4 ../AlarmClock_bsp/\libhal_bsp.a(alt_irq_vars.o)
                0x0000000000001ea0                alt_irq_active
 .sbss          0x0000000000001ea4        0xc ../AlarmClock_bsp/\libhal_bsp.a(alt_main.o)
                0x0000000000001ea4                alt_envp
                0x0000000000001ea8                alt_argv
                0x0000000000001eac                alt_argc
 .sbss          0x0000000000001eb0        0x4 ../AlarmClock_bsp/\libhal_bsp.a(alt_instruction_exception_entry.o)
                0x0000000000001eb0                alt_instruction_exception_handler
 *(.sbss2 .sbss2.* .gnu.linkonce.sb2.*)
 *(.scommon)
                [!provide]                        PROVIDE (__sbss_end, ABSOLUTE (.))
                [!provide]                        PROVIDE (___sbss_end, ABSOLUTE (.))
 *(.dynbss)
 *(.bss .bss.* .gnu.linkonce.b.*)
 .bss           0x0000000000001eb4        0x0 ../AlarmClock_bsp//obj/HAL/src/crt0.o
 .bss           0x0000000000001eb4        0x0 obj/default/hello_world_small.o
 .bss           0x0000000000001eb4        0x0 c:/intelfpga_lite/18.1/nios2eds/bin/gnu/h-x86_64-mingw32/bin/../lib/gcc/nios2-elf/5.3.0/mno-hw-mul\libgcc.a(lib2-divmod.o)
 .bss           0x0000000000001eb4        0x0 c:/intelfpga_lite/18.1/nios2eds/bin/gnu/h-x86_64-mingw32/bin/../lib/gcc/nios2-elf/5.3.0/mno-hw-mul\libgcc.a(lib2-mul.o)
 .bss           0x0000000000001eb4        0x0 ../AlarmClock_bsp/\libhal_bsp.a(alt_iic.o)
 .bss           0x0000000000001eb4        0x0 ../AlarmClock_bsp/\libhal_bsp.a(alt_iic_isr_register.o)
 .bss           0x0000000000001eb4        0x0 ../AlarmClock_bsp/\libhal_bsp.a(alt_irq_entry.o)
 .bss           0x0000000000001eb4        0x0 ../AlarmClock_bsp/\libhal_bsp.a(alt_irq_handler.o)
 .bss           0x0000000000001eb4        0x0 ../AlarmClock_bsp/\libhal_bsp.a(alt_irq_vars.o)
 .bss           0x0000000000001eb4        0x0 ../AlarmClock_bsp/\libhal_bsp.a(alt_load.o)
 .bss           0x0000000000001eb4        0x0 ../AlarmClock_bsp/\libhal_bsp.a(alt_main.o)
 .bss           0x0000000000001eb4        0x0 ../AlarmClock_bsp/\libhal_bsp.a(alt_putstr.o)
 .bss           0x0000000000001eb4        0x0 ../AlarmClock_bsp/\libhal_bsp.a(alt_sys_init.o)
 .bss           0x0000000000001eb4        0x0 ../AlarmClock_bsp/\libhal_bsp.a(altera_avalon_jtag_uart_write.o)
 .bss           0x0000000000001eb4        0x0 ../AlarmClock_bsp/\libhal_bsp.a(alt_dcache_flush_all.o)
 .bss           0x0000000000001eb4        0x0 ../AlarmClock_bsp/\libhal_bsp.a(alt_exception_entry.o)
 .bss           0x0000000000001eb4        0x0 ../AlarmClock_bsp/\libhal_bsp.a(alt_icache_flush_all.o)
 .bss           0x0000000000001eb4        0x0 ../AlarmClock_bsp/\libhal_bsp.a(alt_instruction_exception_entry.o)
 .bss           0x0000000000001eb4        0x0 ../AlarmClock_bsp/\libhal_bsp.a(altera_nios2_gen2_irq.o)
 .bss           0x0000000000001eb4        0x0 c:/intelfpga_lite/18.1/nios2eds/bin/gnu/h-x86_64-mingw32/bin/../lib/gcc/nios2-elf/5.3.0/../../../../../H-x86_64-mingw32/nios2-elf/lib/mno-hw-mul\libsmallc.a(lib_a-strlen.o)
 *(COMMON)
 COMMON         0x0000000000001eb4      0x100 ../AlarmClock_bsp/\libhal_bsp.a(alt_irq_handler.o)
                0x0000000000001eb4                alt_irq
                0x0000000000001fb4                . = ALIGN (0x4)
                0x0000000000001fb4                __bss_end = ABSOLUTE (.)

.RAM            0x0000000000001fb4        0x0
                [!provide]                        PROVIDE (_alt_partition_RAM_start, ABSOLUTE (.))
 *(.RAM .RAM. RAM.*)
                0x0000000000001fb4                . = ALIGN (0x4)
                [!provide]                        PROVIDE (_alt_partition_RAM_end, ABSOLUTE (.))
                0x0000000000001fb4                _end = ABSOLUTE (.)
                0x0000000000001fb4                end = ABSOLUTE (.)
                0x0000000000001fb4                __alt_stack_base = ABSOLUTE (.)
                [!provide]                        PROVIDE (_alt_partition_RAM_load_addr, LOADADDR (.RAM))

.stab
 *(.stab)

.stabstr
 *(.stabstr)

.stab.excl
 *(.stab.excl)

.stab.exclstr
 *(.stab.exclstr)

.stab.index
 *(.stab.index)

.stab.indexstr
 *(.stab.indexstr)

.comment        0x0000000000000000       0x23
 *(.comment)
 .comment       0x0000000000000000       0x23 obj/default/hello_world_small.o
                                         0x24 (size before relaxing)
 .comment       0x0000000000000023       0x24 c:/intelfpga_lite/18.1/nios2eds/bin/gnu/h-x86_64-mingw32/bin/../lib/gcc/nios2-elf/5.3.0/mno-hw-mul\libgcc.a(lib2-divmod.o)
 .comment       0x0000000000000023       0x24 c:/intelfpga_lite/18.1/nios2eds/bin/gnu/h-x86_64-mingw32/bin/../lib/gcc/nios2-elf/5.3.0/mno-hw-mul\libgcc.a(lib2-mul.o)
 .comment       0x0000000000000023       0x24 ../AlarmClock_bsp/\libhal_bsp.a(alt_iic.o)
 .comment       0x0000000000000023       0x24 ../AlarmClock_bsp/\libhal_bsp.a(alt_iic_isr_register.o)
 .comment       0x0000000000000023       0x24 ../AlarmClock_bsp/\libhal_bsp.a(alt_irq_handler.o)
 .comment       0x0000000000000023       0x24 ../AlarmClock_bsp/\libhal_bsp.a(alt_irq_vars.o)
 .comment       0x0000000000000023       0x24 ../AlarmClock_bsp/\libhal_bsp.a(alt_load.o)
 .comment       0x0000000000000023       0x24 ../AlarmClock_bsp/\libhal_bsp.a(alt_main.o)
 .comment       0x0000000000000023       0x24 ../AlarmClock_bsp/\libhal_bsp.a(alt_putstr.o)
 .comment       0x0000000000000023       0x24 ../AlarmClock_bsp/\libhal_bsp.a(alt_sys_init.o)
 .comment       0x0000000000000023       0x24 ../AlarmClock_bsp/\libhal_bsp.a(altera_avalon_jtag_uart_write.o)
 .comment       0x0000000000000023       0x24 ../AlarmClock_bsp/\libhal_bsp.a(alt_dcache_flush_all.o)
 .comment       0x0000000000000023       0x24 ../AlarmClock_bsp/\libhal_bsp.a(alt_icache_flush_all.o)
 .comment       0x0000000000000023       0x24 ../AlarmClock_bsp/\libhal_bsp.a(alt_instruction_exception_entry.o)
 .comment       0x0000000000000023       0x24 ../AlarmClock_bsp/\libhal_bsp.a(altera_nios2_gen2_irq.o)
 .comment       0x0000000000000023       0x24 c:/intelfpga_lite/18.1/nios2eds/bin/gnu/h-x86_64-mingw32/bin/../lib/gcc/nios2-elf/5.3.0/../../../../../H-x86_64-mingw32/nios2-elf/lib/mno-hw-mul\libsmallc.a(lib_a-strlen.o)

.debug
 *(.debug)

.line
 *(.line)

.debug_srcinfo
 *(.debug_srcinfo)

.debug_sfnames
 *(.debug_sfnames)

.debug_aranges  0x0000000000000000      0x2b8
 *(.debug_aranges)
 .debug_aranges
                0x0000000000000000       0x28 ../AlarmClock_bsp//obj/HAL/src/crt0.o
 .debug_aranges
                0x0000000000000028       0x28 obj/default/hello_world_small.o
 .debug_aranges
                0x0000000000000050       0x20 c:/intelfpga_lite/18.1/nios2eds/bin/gnu/h-x86_64-mingw32/bin/../lib/gcc/nios2-elf/5.3.0/mno-hw-mul\libgcc.a(lib2-divmod.o)
 .debug_aranges
                0x0000000000000070       0x20 c:/intelfpga_lite/18.1/nios2eds/bin/gnu/h-x86_64-mingw32/bin/../lib/gcc/nios2-elf/5.3.0/mno-hw-mul\libgcc.a(lib2-mul.o)
 .debug_aranges
                0x0000000000000090       0x20 ../AlarmClock_bsp/\libhal_bsp.a(alt_iic.o)
 .debug_aranges
                0x00000000000000b0       0x20 ../AlarmClock_bsp/\libhal_bsp.a(alt_iic_isr_register.o)
 .debug_aranges
                0x00000000000000d0       0x30 ../AlarmClock_bsp/\libhal_bsp.a(alt_irq_entry.o)
 .debug_aranges
                0x0000000000000100       0x20 ../AlarmClock_bsp/\libhal_bsp.a(alt_irq_handler.o)
 .debug_aranges
                0x0000000000000120       0x18 ../AlarmClock_bsp/\libhal_bsp.a(alt_irq_vars.o)
 .debug_aranges
                0x0000000000000138       0x20 ../AlarmClock_bsp/\libhal_bsp.a(alt_load.o)
 .debug_aranges
                0x0000000000000158       0x20 ../AlarmClock_bsp/\libhal_bsp.a(alt_main.o)
 .debug_aranges
                0x0000000000000178       0x20 ../AlarmClock_bsp/\libhal_bsp.a(alt_putstr.o)
 .debug_aranges
                0x0000000000000198       0x20 ../AlarmClock_bsp/\libhal_bsp.a(alt_sys_init.o)
 .debug_aranges
                0x00000000000001b8       0x20 ../AlarmClock_bsp/\libhal_bsp.a(altera_avalon_jtag_uart_write.o)
 .debug_aranges
                0x00000000000001d8       0x20 ../AlarmClock_bsp/\libhal_bsp.a(alt_dcache_flush_all.o)
 .debug_aranges
                0x00000000000001f8       0x38 ../AlarmClock_bsp/\libhal_bsp.a(alt_exception_entry.o)
 .debug_aranges
                0x0000000000000230       0x20 ../AlarmClock_bsp/\libhal_bsp.a(alt_icache_flush_all.o)
 .debug_aranges
                0x0000000000000250       0x28 ../AlarmClock_bsp/\libhal_bsp.a(alt_instruction_exception_entry.o)
 .debug_aranges
                0x0000000000000278       0x20 ../AlarmClock_bsp/\libhal_bsp.a(altera_nios2_gen2_irq.o)
 .debug_aranges
                0x0000000000000298       0x20 c:/intelfpga_lite/18.1/nios2eds/bin/gnu/h-x86_64-mingw32/bin/../lib/gcc/nios2-elf/5.3.0/../../../../../H-x86_64-mingw32/nios2-elf/lib/mno-hw-mul\libsmallc.a(lib_a-strlen.o)

.debug_pubnames
 *(.debug_pubnames)

.debug_info     0x0000000000000000     0x20ce
 *(.debug_info .gnu.linkonce.wi.*)
 .debug_info    0x0000000000000000       0x80 ../AlarmClock_bsp//obj/HAL/src/crt0.o
 .debug_info    0x0000000000000080      0x7d8 obj/default/hello_world_small.o
 .debug_info    0x0000000000000858      0x2c6 c:/intelfpga_lite/18.1/nios2eds/bin/gnu/h-x86_64-mingw32/bin/../lib/gcc/nios2-elf/5.3.0/mno-hw-mul\libgcc.a(lib2-divmod.o)
 .debug_info    0x0000000000000b1e       0xb4 c:/intelfpga_lite/18.1/nios2eds/bin/gnu/h-x86_64-mingw32/bin/../lib/gcc/nios2-elf/5.3.0/mno-hw-mul\libgcc.a(lib2-mul.o)
 .debug_info    0x0000000000000bd2      0x38a ../AlarmClock_bsp/\libhal_bsp.a(alt_iic.o)
 .debug_info    0x0000000000000f5c      0x232 ../AlarmClock_bsp/\libhal_bsp.a(alt_iic_isr_register.o)
 .debug_info    0x000000000000118e       0x89 ../AlarmClock_bsp/\libhal_bsp.a(alt_irq_entry.o)
 .debug_info    0x0000000000001217      0x184 ../AlarmClock_bsp/\libhal_bsp.a(alt_irq_handler.o)
 .debug_info    0x000000000000139b       0x88 ../AlarmClock_bsp/\libhal_bsp.a(alt_irq_vars.o)
 .debug_info    0x0000000000001423      0x1c9 ../AlarmClock_bsp/\libhal_bsp.a(alt_load.o)
 .debug_info    0x00000000000015ec      0x169 ../AlarmClock_bsp/\libhal_bsp.a(alt_main.o)
 .debug_info    0x0000000000001755      0x13a ../AlarmClock_bsp/\libhal_bsp.a(alt_putstr.o)
 .debug_info    0x000000000000188f      0x19d ../AlarmClock_bsp/\libhal_bsp.a(alt_sys_init.o)
 .debug_info    0x0000000000001a2c      0x197 ../AlarmClock_bsp/\libhal_bsp.a(altera_avalon_jtag_uart_write.o)
 .debug_info    0x0000000000001bc3       0x92 ../AlarmClock_bsp/\libhal_bsp.a(alt_dcache_flush_all.o)
 .debug_info    0x0000000000001c55       0x8f ../AlarmClock_bsp/\libhal_bsp.a(alt_exception_entry.o)
 .debug_info    0x0000000000001ce4       0x92 ../AlarmClock_bsp/\libhal_bsp.a(alt_icache_flush_all.o)
 .debug_info    0x0000000000001d76      0x1fd ../AlarmClock_bsp/\libhal_bsp.a(alt_instruction_exception_entry.o)
 .debug_info    0x0000000000001f73       0x92 ../AlarmClock_bsp/\libhal_bsp.a(altera_nios2_gen2_irq.o)
 .debug_info    0x0000000000002005       0xc9 c:/intelfpga_lite/18.1/nios2eds/bin/gnu/h-x86_64-mingw32/bin/../lib/gcc/nios2-elf/5.3.0/../../../../../H-x86_64-mingw32/nios2-elf/lib/mno-hw-mul\libsmallc.a(lib_a-strlen.o)

.debug_abbrev   0x0000000000000000      0xfae
 *(.debug_abbrev)
 .debug_abbrev  0x0000000000000000       0x12 ../AlarmClock_bsp//obj/HAL/src/crt0.o
 .debug_abbrev  0x0000000000000012      0x2b7 obj/default/hello_world_small.o
 .debug_abbrev  0x00000000000002c9      0x10e c:/intelfpga_lite/18.1/nios2eds/bin/gnu/h-x86_64-mingw32/bin/../lib/gcc/nios2-elf/5.3.0/mno-hw-mul\libgcc.a(lib2-divmod.o)
 .debug_abbrev  0x00000000000003d7       0x6f c:/intelfpga_lite/18.1/nios2eds/bin/gnu/h-x86_64-mingw32/bin/../lib/gcc/nios2-elf/5.3.0/mno-hw-mul\libgcc.a(lib2-mul.o)
 .debug_abbrev  0x0000000000000446      0x1a0 ../AlarmClock_bsp/\libhal_bsp.a(alt_iic.o)
 .debug_abbrev  0x00000000000005e6      0x19c ../AlarmClock_bsp/\libhal_bsp.a(alt_iic_isr_register.o)
 .debug_abbrev  0x0000000000000782       0x12 ../AlarmClock_bsp/\libhal_bsp.a(alt_irq_entry.o)
 .debug_abbrev  0x0000000000000794      0x120 ../AlarmClock_bsp/\libhal_bsp.a(alt_irq_handler.o)
 .debug_abbrev  0x00000000000008b4       0x40 ../AlarmClock_bsp/\libhal_bsp.a(alt_irq_vars.o)
 .debug_abbrev  0x00000000000008f4       0xd8 ../AlarmClock_bsp/\libhal_bsp.a(alt_load.o)
 .debug_abbrev  0x00000000000009cc       0xee ../AlarmClock_bsp/\libhal_bsp.a(alt_main.o)
 .debug_abbrev  0x0000000000000aba       0xd3 ../AlarmClock_bsp/\libhal_bsp.a(alt_putstr.o)
 .debug_abbrev  0x0000000000000b8d      0x10e ../AlarmClock_bsp/\libhal_bsp.a(alt_sys_init.o)
 .debug_abbrev  0x0000000000000c9b       0xd5 ../AlarmClock_bsp/\libhal_bsp.a(altera_avalon_jtag_uart_write.o)
 .debug_abbrev  0x0000000000000d70       0x42 ../AlarmClock_bsp/\libhal_bsp.a(alt_dcache_flush_all.o)
 .debug_abbrev  0x0000000000000db2       0x12 ../AlarmClock_bsp/\libhal_bsp.a(alt_exception_entry.o)
 .debug_abbrev  0x0000000000000dc4       0x42 ../AlarmClock_bsp/\libhal_bsp.a(alt_icache_flush_all.o)
 .debug_abbrev  0x0000000000000e06       0xe7 ../AlarmClock_bsp/\libhal_bsp.a(alt_instruction_exception_entry.o)
 .debug_abbrev  0x0000000000000eed       0x42 ../AlarmClock_bsp/\libhal_bsp.a(altera_nios2_gen2_irq.o)
 .debug_abbrev  0x0000000000000f2f       0x7f c:/intelfpga_lite/18.1/nios2eds/bin/gnu/h-x86_64-mingw32/bin/../lib/gcc/nios2-elf/5.3.0/../../../../../H-x86_64-mingw32/nios2-elf/lib/mno-hw-mul\libsmallc.a(lib_a-strlen.o)

.debug_line     0x0000000000000000      0xec9
 *(.debug_line)
 .debug_line    0x0000000000000000       0x66 ../AlarmClock_bsp//obj/HAL/src/crt0.o
 .debug_line    0x0000000000000066      0x1f2 obj/default/hello_world_small.o
 .debug_line    0x0000000000000258      0x105 c:/intelfpga_lite/18.1/nios2eds/bin/gnu/h-x86_64-mingw32/bin/../lib/gcc/nios2-elf/5.3.0/mno-hw-mul\libgcc.a(lib2-divmod.o)
 .debug_line    0x000000000000035d       0x80 c:/intelfpga_lite/18.1/nios2eds/bin/gnu/h-x86_64-mingw32/bin/../lib/gcc/nios2-elf/5.3.0/mno-hw-mul\libgcc.a(lib2-mul.o)
 .debug_line    0x00000000000003dd       0xf1 ../AlarmClock_bsp/\libhal_bsp.a(alt_iic.o)
 .debug_line    0x00000000000004ce       0xd6 ../AlarmClock_bsp/\libhal_bsp.a(alt_iic_isr_register.o)
 .debug_line    0x00000000000005a4       0x6b ../AlarmClock_bsp/\libhal_bsp.a(alt_irq_entry.o)
 .debug_line    0x000000000000060f       0xa5 ../AlarmClock_bsp/\libhal_bsp.a(alt_irq_handler.o)
 .debug_line    0x00000000000006b4       0x50 ../AlarmClock_bsp/\libhal_bsp.a(alt_irq_vars.o)
 .debug_line    0x0000000000000704       0xa4 ../AlarmClock_bsp/\libhal_bsp.a(alt_load.o)
 .debug_line    0x00000000000007a8       0xbd ../AlarmClock_bsp/\libhal_bsp.a(alt_main.o)
 .debug_line    0x0000000000000865       0xa0 ../AlarmClock_bsp/\libhal_bsp.a(alt_putstr.o)
 .debug_line    0x0000000000000905      0x11a ../AlarmClock_bsp/\libhal_bsp.a(alt_sys_init.o)
 .debug_line    0x0000000000000a1f       0xf0 ../AlarmClock_bsp/\libhal_bsp.a(altera_avalon_jtag_uart_write.o)
 .debug_line    0x0000000000000b0f       0x4e ../AlarmClock_bsp/\libhal_bsp.a(alt_dcache_flush_all.o)
 .debug_line    0x0000000000000b5d       0xb3 ../AlarmClock_bsp/\libhal_bsp.a(alt_exception_entry.o)
 .debug_line    0x0000000000000c10       0x4e ../AlarmClock_bsp/\libhal_bsp.a(alt_icache_flush_all.o)
 .debug_line    0x0000000000000c5e       0xbf ../AlarmClock_bsp/\libhal_bsp.a(alt_instruction_exception_entry.o)
 .debug_line    0x0000000000000d1d       0x50 ../AlarmClock_bsp/\libhal_bsp.a(altera_nios2_gen2_irq.o)
 .debug_line    0x0000000000000d6d      0x15c c:/intelfpga_lite/18.1/nios2eds/bin/gnu/h-x86_64-mingw32/bin/../lib/gcc/nios2-elf/5.3.0/../../../../../H-x86_64-mingw32/nios2-elf/lib/mno-hw-mul\libsmallc.a(lib_a-strlen.o)

.debug_frame    0x0000000000000000      0x54c
 *(.debug_frame)
 .debug_frame   0x0000000000000000      0x290 obj/default/hello_world_small.o
 .debug_frame   0x0000000000000290       0x50 c:/intelfpga_lite/18.1/nios2eds/bin/gnu/h-x86_64-mingw32/bin/../lib/gcc/nios2-elf/5.3.0/mno-hw-mul\libgcc.a(lib2-divmod.o)
 .debug_frame   0x00000000000002e0       0x20 c:/intelfpga_lite/18.1/nios2eds/bin/gnu/h-x86_64-mingw32/bin/../lib/gcc/nios2-elf/5.3.0/mno-hw-mul\libgcc.a(lib2-mul.o)
 .debug_frame   0x0000000000000300       0x50 ../AlarmClock_bsp/\libhal_bsp.a(alt_iic.o)
 .debug_frame   0x0000000000000350       0x30 ../AlarmClock_bsp/\libhal_bsp.a(alt_iic_isr_register.o)
 .debug_frame   0x0000000000000380       0x34 ../AlarmClock_bsp/\libhal_bsp.a(alt_irq_handler.o)
 .debug_frame   0x00000000000003b4       0x30 ../AlarmClock_bsp/\libhal_bsp.a(alt_load.o)
 .debug_frame   0x00000000000003e4       0x2c ../AlarmClock_bsp/\libhal_bsp.a(alt_main.o)
 .debug_frame   0x0000000000000410       0x30 ../AlarmClock_bsp/\libhal_bsp.a(alt_putstr.o)
 .debug_frame   0x0000000000000440       0x3c ../AlarmClock_bsp/\libhal_bsp.a(alt_sys_init.o)
 .debug_frame   0x000000000000047c       0x20 ../AlarmClock_bsp/\libhal_bsp.a(altera_avalon_jtag_uart_write.o)
 .debug_frame   0x000000000000049c       0x20 ../AlarmClock_bsp/\libhal_bsp.a(alt_dcache_flush_all.o)
 .debug_frame   0x00000000000004bc       0x20 ../AlarmClock_bsp/\libhal_bsp.a(alt_icache_flush_all.o)
 .debug_frame   0x00000000000004dc       0x30 ../AlarmClock_bsp/\libhal_bsp.a(alt_instruction_exception_entry.o)
 .debug_frame   0x000000000000050c       0x20 ../AlarmClock_bsp/\libhal_bsp.a(altera_nios2_gen2_irq.o)
 .debug_frame   0x000000000000052c       0x20 c:/intelfpga_lite/18.1/nios2eds/bin/gnu/h-x86_64-mingw32/bin/../lib/gcc/nios2-elf/5.3.0/../../../../../H-x86_64-mingw32/nios2-elf/lib/mno-hw-mul\libsmallc.a(lib_a-strlen.o)

.debug_str      0x0000000000000000      0xfd4
 *(.debug_str)
 .debug_str     0x0000000000000000      0x32d obj/default/hello_world_small.o
                                        0x373 (size before relaxing)
 .debug_str     0x000000000000032d      0x187 c:/intelfpga_lite/18.1/nios2eds/bin/gnu/h-x86_64-mingw32/bin/../lib/gcc/nios2-elf/5.3.0/mno-hw-mul\libgcc.a(lib2-divmod.o)
                                        0x1d2 (size before relaxing)
 .debug_str     0x00000000000004b4       0x40 c:/intelfpga_lite/18.1/nios2eds/bin/gnu/h-x86_64-mingw32/bin/../lib/gcc/nios2-elf/5.3.0/mno-hw-mul\libgcc.a(lib2-mul.o)
                                        0x193 (size before relaxing)
 .debug_str     0x00000000000004f4      0x14e ../AlarmClock_bsp/\libhal_bsp.a(alt_iic.o)
                                        0x265 (size before relaxing)
 .debug_str     0x0000000000000642       0x37 ../AlarmClock_bsp/\libhal_bsp.a(alt_iic_isr_register.o)
                                        0x21f (size before relaxing)
 .debug_str     0x0000000000000679       0x3a ../AlarmClock_bsp/\libhal_bsp.a(alt_irq_handler.o)
                                        0x1a9 (size before relaxing)
 .debug_str     0x00000000000006b3       0x17 ../AlarmClock_bsp/\libhal_bsp.a(alt_irq_vars.o)
                                        0x14c (size before relaxing)
 .debug_str     0x00000000000006ca      0x113 ../AlarmClock_bsp/\libhal_bsp.a(alt_load.o)
                                        0x24e (size before relaxing)
 .debug_str     0x00000000000007dd       0x8a ../AlarmClock_bsp/\libhal_bsp.a(alt_main.o)
                                        0x1c7 (size before relaxing)
 .debug_str     0x0000000000000867       0x5f ../AlarmClock_bsp/\libhal_bsp.a(alt_putstr.o)
                                        0x19d (size before relaxing)
 .debug_str     0x00000000000008c6       0xb9 ../AlarmClock_bsp/\libhal_bsp.a(alt_sys_init.o)
                                        0x269 (size before relaxing)
 .debug_str     0x000000000000097f       0x32 ../AlarmClock_bsp/\libhal_bsp.a(altera_avalon_jtag_uart_write.o)
                                        0x227 (size before relaxing)
 .debug_str     0x00000000000009b1       0x1f ../AlarmClock_bsp/\libhal_bsp.a(alt_dcache_flush_all.o)
                                        0x167 (size before relaxing)
 .debug_str     0x00000000000009d0       0x1f ../AlarmClock_bsp/\libhal_bsp.a(alt_icache_flush_all.o)
                                        0x167 (size before relaxing)
 .debug_str     0x00000000000009ef      0x48b ../AlarmClock_bsp/\libhal_bsp.a(alt_instruction_exception_entry.o)
                                        0x5b2 (size before relaxing)
 .debug_str     0x0000000000000e7a       0x20 ../AlarmClock_bsp/\libhal_bsp.a(altera_nios2_gen2_irq.o)
                                        0x16e (size before relaxing)
 .debug_str     0x0000000000000e9a      0x13a c:/intelfpga_lite/18.1/nios2eds/bin/gnu/h-x86_64-mingw32/bin/../lib/gcc/nios2-elf/5.3.0/../../../../../H-x86_64-mingw32/nios2-elf/lib/mno-hw-mul\libsmallc.a(lib_a-strlen.o)
                                        0x1e5 (size before relaxing)

.debug_loc      0x0000000000000000      0xd0d
 *(.debug_loc)
 .debug_loc     0x0000000000000000      0x2d1 obj/default/hello_world_small.o
 .debug_loc     0x00000000000002d1      0x4ce c:/intelfpga_lite/18.1/nios2eds/bin/gnu/h-x86_64-mingw32/bin/../lib/gcc/nios2-elf/5.3.0/mno-hw-mul\libgcc.a(lib2-divmod.o)
 .debug_loc     0x000000000000079f       0x93 c:/intelfpga_lite/18.1/nios2eds/bin/gnu/h-x86_64-mingw32/bin/../lib/gcc/nios2-elf/5.3.0/mno-hw-mul\libgcc.a(lib2-mul.o)
 .debug_loc     0x0000000000000832      0x170 ../AlarmClock_bsp/\libhal_bsp.a(alt_iic.o)
 .debug_loc     0x00000000000009a2      0x193 ../AlarmClock_bsp/\libhal_bsp.a(alt_iic_isr_register.o)
 .debug_loc     0x0000000000000b35       0x72 ../AlarmClock_bsp/\libhal_bsp.a(alt_irq_handler.o)
 .debug_loc     0x0000000000000ba7       0x37 ../AlarmClock_bsp/\libhal_bsp.a(alt_putstr.o)
 .debug_loc     0x0000000000000bde       0x21 ../AlarmClock_bsp/\libhal_bsp.a(alt_sys_init.o)
 .debug_loc     0x0000000000000bff       0x8b ../AlarmClock_bsp/\libhal_bsp.a(altera_avalon_jtag_uart_write.o)
 .debug_loc     0x0000000000000c8a       0x65 ../AlarmClock_bsp/\libhal_bsp.a(alt_instruction_exception_entry.o)
 .debug_loc     0x0000000000000cef       0x1e c:/intelfpga_lite/18.1/nios2eds/bin/gnu/h-x86_64-mingw32/bin/../lib/gcc/nios2-elf/5.3.0/../../../../../H-x86_64-mingw32/nios2-elf/lib/mno-hw-mul\libsmallc.a(lib_a-strlen.o)

.debug_macinfo
 *(.debug_macinfo)

.debug_weaknames
 *(.debug_weaknames)

.debug_funcnames
 *(.debug_funcnames)

.debug_typenames
 *(.debug_typenames)

.debug_varnames
 *(.debug_varnames)

.debug_alt_sim_info
                0x0000000000000000       0x10
 *(.debug_alt_sim_info)
 .debug_alt_sim_info
                0x0000000000000000       0x10 ../AlarmClock_bsp//obj/HAL/src/crt0.o
                0x0000000000002000                __alt_data_end = 0x2000
                0x0000000000002000                PROVIDE (__alt_stack_pointer, __alt_data_end)
                [!provide]                        PROVIDE (__alt_stack_limit, __alt_stack_base)
                [!provide]                        PROVIDE (__alt_heap_start, end)
                [!provide]                        PROVIDE (__alt_heap_limit, 0x2000)
OUTPUT(AlarmClock.elf elf32-littlenios2)

.debug_ranges   0x0000000000000000      0x218
 .debug_ranges  0x0000000000000000       0x20 ../AlarmClock_bsp//obj/HAL/src/crt0.o
 .debug_ranges  0x0000000000000020       0xc0 obj/default/hello_world_small.o
 .debug_ranges  0x00000000000000e0       0x60 c:/intelfpga_lite/18.1/nios2eds/bin/gnu/h-x86_64-mingw32/bin/../lib/gcc/nios2-elf/5.3.0/mno-hw-mul\libgcc.a(lib2-divmod.o)
 .debug_ranges  0x0000000000000140       0x28 ../AlarmClock_bsp/\libhal_bsp.a(alt_irq_entry.o)
 .debug_ranges  0x0000000000000168       0x10 ../AlarmClock_bsp/\libhal_bsp.a(alt_irq_handler.o)
 .debug_ranges  0x0000000000000178       0x48 ../AlarmClock_bsp/\libhal_bsp.a(alt_load.o)
 .debug_ranges  0x00000000000001c0       0x30 ../AlarmClock_bsp/\libhal_bsp.a(alt_exception_entry.o)
 .debug_ranges  0x00000000000001f0       0x18 ../AlarmClock_bsp/\libhal_bsp.a(alt_instruction_exception_entry.o)
 .debug_ranges  0x0000000000000208       0x10 c:/intelfpga_lite/18.1/nios2eds/bin/gnu/h-x86_64-mingw32/bin/../lib/gcc/nios2-elf/5.3.0/../../../../../H-x86_64-mingw32/nios2-elf/lib/mno-hw-mul\libsmallc.a(lib_a-strlen.o)
